Archive member included to satisfy reference by file (symbol)

c:/ac6/systemworkbench/plugins/fr.ac6.mcu.externaltools.arm-none.win32_1.17.0.201812190825/tools/compiler/bin/../lib/gcc/arm-none-eabi/7.3.1/thumb/v7e-m/fpv4-sp/hard\libgcc.a(_aeabi_uldivmod.o)
                              Drivers/STM32L4xx_HAL_Driver/Src/stm32l4xx_hal_uart.o (__aeabi_uldivmod)
c:/ac6/systemworkbench/plugins/fr.ac6.mcu.externaltools.arm-none.win32_1.17.0.201812190825/tools/compiler/bin/../lib/gcc/arm-none-eabi/7.3.1/thumb/v7e-m/fpv4-sp/hard\libgcc.a(_udivmoddi4.o)
                              c:/ac6/systemworkbench/plugins/fr.ac6.mcu.externaltools.arm-none.win32_1.17.0.201812190825/tools/compiler/bin/../lib/gcc/arm-none-eabi/7.3.1/thumb/v7e-m/fpv4-sp/hard\libgcc.a(_aeabi_uldivmod.o) (__udivmoddi4)
c:/ac6/systemworkbench/plugins/fr.ac6.mcu.externaltools.arm-none.win32_1.17.0.201812190825/tools/compiler/bin/../lib/gcc/arm-none-eabi/7.3.1/thumb/v7e-m/fpv4-sp/hard\libgcc.a(_dvmd_tls.o)
                              c:/ac6/systemworkbench/plugins/fr.ac6.mcu.externaltools.arm-none.win32_1.17.0.201812190825/tools/compiler/bin/../lib/gcc/arm-none-eabi/7.3.1/thumb/v7e-m/fpv4-sp/hard\libgcc.a(_aeabi_uldivmod.o) (__aeabi_ldiv0)
c:/ac6/systemworkbench/plugins/fr.ac6.mcu.externaltools.arm-none.win32_1.17.0.201812190825/tools/compiler/bin/../lib/gcc/arm-none-eabi/7.3.1/../../../../arm-none-eabi/lib/thumb/v7e-m/fpv4-sp/hard\libc_nano.a(lib_a-errno.o)
                              Src/syscalls.o (__errno)
c:/ac6/systemworkbench/plugins/fr.ac6.mcu.externaltools.arm-none.win32_1.17.0.201812190825/tools/compiler/bin/../lib/gcc/arm-none-eabi/7.3.1/../../../../arm-none-eabi/lib/thumb/v7e-m/fpv4-sp/hard\libc_nano.a(lib_a-exit.o)
                              c:/ac6/systemworkbench/plugins/fr.ac6.mcu.externaltools.arm-none.win32_1.17.0.201812190825/tools/compiler/bin/../lib/gcc/arm-none-eabi/7.3.1/../../../../arm-none-eabi/lib/thumb/v7e-m/fpv4-sp/hard/crt0.o (exit)
c:/ac6/systemworkbench/plugins/fr.ac6.mcu.externaltools.arm-none.win32_1.17.0.201812190825/tools/compiler/bin/../lib/gcc/arm-none-eabi/7.3.1/../../../../arm-none-eabi/lib/thumb/v7e-m/fpv4-sp/hard\libc_nano.a(lib_a-impure.o)
                              c:/ac6/systemworkbench/plugins/fr.ac6.mcu.externaltools.arm-none.win32_1.17.0.201812190825/tools/compiler/bin/../lib/gcc/arm-none-eabi/7.3.1/../../../../arm-none-eabi/lib/thumb/v7e-m/fpv4-sp/hard\libc_nano.a(lib_a-exit.o) (_global_impure_ptr)
c:/ac6/systemworkbench/plugins/fr.ac6.mcu.externaltools.arm-none.win32_1.17.0.201812190825/tools/compiler/bin/../lib/gcc/arm-none-eabi/7.3.1/../../../../arm-none-eabi/lib/thumb/v7e-m/fpv4-sp/hard\libc_nano.a(lib_a-init.o)
                              c:/ac6/systemworkbench/plugins/fr.ac6.mcu.externaltools.arm-none.win32_1.17.0.201812190825/tools/compiler/bin/../lib/gcc/arm-none-eabi/7.3.1/../../../../arm-none-eabi/lib/thumb/v7e-m/fpv4-sp/hard/crt0.o (__libc_init_array)
c:/ac6/systemworkbench/plugins/fr.ac6.mcu.externaltools.arm-none.win32_1.17.0.201812190825/tools/compiler/bin/../lib/gcc/arm-none-eabi/7.3.1/../../../../arm-none-eabi/lib/thumb/v7e-m/fpv4-sp/hard\libc_nano.a(lib_a-memcpy-stub.o)
                              Middlewares/Third_Party/FreeRTOS/Source/CMSIS_RTOS_V2/cmsis_os2.o (memcpy)
c:/ac6/systemworkbench/plugins/fr.ac6.mcu.externaltools.arm-none.win32_1.17.0.201812190825/tools/compiler/bin/../lib/gcc/arm-none-eabi/7.3.1/../../../../arm-none-eabi/lib/thumb/v7e-m/fpv4-sp/hard\libc_nano.a(lib_a-memset.o)
                              c:/ac6/systemworkbench/plugins/fr.ac6.mcu.externaltools.arm-none.win32_1.17.0.201812190825/tools/compiler/bin/../lib/gcc/arm-none-eabi/7.3.1/../../../../arm-none-eabi/lib/thumb/v7e-m/fpv4-sp/hard/crt0.o (memset)

Allocating common symbols
Common symbol       size              file

defaultTaskHandle   0x4               Src/freertos.o
uwTick              0x4               Drivers/STM32L4xx_HAL_Driver/Src/stm32l4xx_hal.o
xQueueRegistry      0x40              Middlewares/Third_Party/FreeRTOS/Source/queue.o
htim1               0x40              Src/stm32l4xx_hal_timebase_tim.o
w25qxx              0x28              Src/w25qxx.o
hspi1               0x64              Src/spi.o
huart2              0x80              Src/usart.o

Discarded input sections

 .text          0x00000000        0x0 c:/ac6/systemworkbench/plugins/fr.ac6.mcu.externaltools.arm-none.win32_1.17.0.201812190825/tools/compiler/bin/../lib/gcc/arm-none-eabi/7.3.1/thumb/v7e-m/fpv4-sp/hard/crti.o
 .data          0x00000000        0x0 c:/ac6/systemworkbench/plugins/fr.ac6.mcu.externaltools.arm-none.win32_1.17.0.201812190825/tools/compiler/bin/../lib/gcc/arm-none-eabi/7.3.1/thumb/v7e-m/fpv4-sp/hard/crti.o
 .bss           0x00000000        0x0 c:/ac6/systemworkbench/plugins/fr.ac6.mcu.externaltools.arm-none.win32_1.17.0.201812190825/tools/compiler/bin/../lib/gcc/arm-none-eabi/7.3.1/thumb/v7e-m/fpv4-sp/hard/crti.o
[...]
Memory Configuration

Name             Origin             Length             Attributes
RAM              0x20000000         0x00028000         xrw
FLASH            0x08000000         0x00080000         xr
*default*        0x00000000         0xffffffff

Linker script and memory map

LOAD c:/ac6/systemworkbench/plugins/fr.ac6.mcu.externaltools.arm-none.win32_1.17.0.201812190825/tools/compiler/bin/../lib/gcc/arm-none-eabi/7.3.1/thumb/v7e-m/fpv4-sp/hard/crti.o
LOAD c:/ac6/systemworkbench/plugins/fr.ac6.mcu.externaltools.arm-none.win32_1.17.0.201812190825/tools/compiler/bin/../lib/gcc/arm-none-eabi/7.3.1/thumb/v7e-m/fpv4-sp/hard/crtbegin.o
LOAD c:/ac6/systemworkbench/plugins/fr.ac6.mcu.externaltools.arm-none.win32_1.17.0.201812190825/tools/compiler/bin/../lib/gcc/arm-none-eabi/7.3.1/../../../../arm-none-eabi/lib/thumb/v7e-m/fpv4-sp/hard/crt0.o
LOAD Drivers/STM32L4xx_HAL_Driver/Src/stm32l4xx_hal.o
LOAD Drivers/STM32L4xx_HAL_Driver/Src/stm32l4xx_hal_cortex.o
LOAD Drivers/STM32L4xx_HAL_Driver/Src/stm32l4xx_hal_dma.o
LOAD Drivers/STM32L4xx_HAL_Driver/Src/stm32l4xx_hal_dma_ex.o
LOAD Drivers/STM32L4xx_HAL_Driver/Src/stm32l4xx_hal_exti.o
LOAD Drivers/STM32L4xx_HAL_Driver/Src/stm32l4xx_hal_flash.o
LOAD Drivers/STM32L4xx_HAL_Driver/Src/stm32l4xx_hal_flash_ex.o
LOAD Drivers/STM32L4xx_HAL_Driver/Src/stm32l4xx_hal_flash_ramfunc.o
LOAD Drivers/STM32L4xx_HAL_Driver/Src/stm32l4xx_hal_gpio.o
LOAD Drivers/STM32L4xx_HAL_Driver/Src/stm32l4xx_hal_i2c.o
LOAD Drivers/STM32L4xx_HAL_Driver/Src/stm32l4xx_hal_i2c_ex.o
LOAD Drivers/STM32L4xx_HAL_Driver/Src/stm32l4xx_hal_pwr.o
LOAD Drivers/STM32L4xx_HAL_Driver/Src/stm32l4xx_hal_pwr_ex.o
LOAD Drivers/STM32L4xx_HAL_Driver/Src/stm32l4xx_hal_rcc.o
LOAD Drivers/STM32L4xx_HAL_Driver/Src/stm32l4xx_hal_rcc_ex.o
LOAD Drivers/STM32L4xx_HAL_Driver/Src/stm32l4xx_hal_spi.o
LOAD Drivers/STM32L4xx_HAL_Driver/Src/stm32l4xx_hal_spi_ex.o
LOAD Drivers/STM32L4xx_HAL_Driver/Src/stm32l4xx_hal_tim.o
LOAD Drivers/STM32L4xx_HAL_Driver/Src/stm32l4xx_hal_tim_ex.o
LOAD Drivers/STM32L4xx_HAL_Driver/Src/stm32l4xx_hal_uart.o
LOAD Drivers/STM32L4xx_HAL_Driver/Src/stm32l4xx_hal_uart_ex.o
LOAD Middlewares/Third_Party/FreeRTOS/Source/CMSIS_RTOS_V2/cmsis_os2.o
LOAD Middlewares/Third_Party/FreeRTOS/Source/croutine.o
LOAD Middlewares/Third_Party/FreeRTOS/Source/event_groups.o
LOAD Middlewares/Third_Party/FreeRTOS/Source/list.o
LOAD Middlewares/Third_Party/FreeRTOS/Source/queue.o
LOAD Middlewares/Third_Party/FreeRTOS/Source/stream_buffer.o
LOAD Middlewares/Third_Party/FreeRTOS/Source/tasks.o
LOAD Middlewares/Third_Party/FreeRTOS/Source/timers.o
LOAD Middlewares/Third_Party/FreeRTOS/Source/portable/GCC/ARM_CM4F/port.o
LOAD Middlewares/Third_Party/FreeRTOS/Source/portable/MemMang/heap_4.o
LOAD Src/freertos.o
LOAD Src/gpio.o
LOAD Src/main.o
LOAD Src/spi.o
LOAD Src/stm32l4xx_hal_msp.o
LOAD Src/stm32l4xx_hal_timebase_tim.o
LOAD Src/stm32l4xx_it.o
LOAD Src/syscalls.o
LOAD Src/system_stm32l4xx.o
LOAD Src/usart.o
LOAD Src/w25qxx.o
LOAD startup/startup_stm32l452xx.o
LOAD c:/ac6/systemworkbench/plugins/fr.ac6.mcu.externaltools.arm-none.win32_1.17.0.201812190825/tools/compiler/bin/../lib/gcc/arm-none-eabi/7.3.1/../../../../arm-none-eabi/lib/thumb/v7e-m/fpv4-sp/hard\libm.a
START GROUP
LOAD c:/ac6/systemworkbench/plugins/fr.ac6.mcu.externaltools.arm-none.win32_1.17.0.201812190825/tools/compiler/bin/../lib/gcc/arm-none-eabi/7.3.1/thumb/v7e-m/fpv4-sp/hard\libgcc.a
LOAD c:/ac6/systemworkbench/plugins/fr.ac6.mcu.externaltools.arm-none.win32_1.17.0.201812190825/tools/compiler/bin/../lib/gcc/arm-none-eabi/7.3.1/../../../../arm-none-eabi/lib/thumb/v7e-m/fpv4-sp/hard\libc_nano.a
END GROUP
START GROUP
LOAD c:/ac6/systemworkbench/plugins/fr.ac6.mcu.externaltools.arm-none.win32_1.17.0.201812190825/tools/compiler/bin/../lib/gcc/arm-none-eabi/7.3.1/thumb/v7e-m/fpv4-sp/hard\libgcc.a
LOAD c:/ac6/systemworkbench/plugins/fr.ac6.mcu.externaltools.arm-none.win32_1.17.0.201812190825/tools/compiler/bin/../lib/gcc/arm-none-eabi/7.3.1/../../../../arm-none-eabi/lib/thumb/v7e-m/fpv4-sp/hard\libc_nano.a
LOAD c:/ac6/systemworkbench/plugins/fr.ac6.mcu.externaltools.arm-none.win32_1.17.0.201812190825/tools/compiler/bin/../lib/gcc/arm-none-eabi/7.3.1/../../../../arm-none-eabi/lib/thumb/v7e-m/fpv4-sp/hard\libnosys.a
END GROUP
START GROUP
LOAD c:/ac6/systemworkbench/plugins/fr.ac6.mcu.externaltools.arm-none.win32_1.17.0.201812190825/tools/compiler/bin/../lib/gcc/arm-none-eabi/7.3.1/thumb/v7e-m/fpv4-sp/hard\libgcc.a
LOAD c:/ac6/systemworkbench/plugins/fr.ac6.mcu.externaltools.arm-none.win32_1.17.0.201812190825/tools/compiler/bin/../lib/gcc/arm-none-eabi/7.3.1/../../../../arm-none-eabi/lib/thumb/v7e-m/fpv4-sp/hard\libc_nano.a
LOAD c:/ac6/systemworkbench/plugins/fr.ac6.mcu.externaltools.arm-none.win32_1.17.0.201812190825/tools/compiler/bin/../lib/gcc/arm-none-eabi/7.3.1/../../../../arm-none-eabi/lib/thumb/v7e-m/fpv4-sp/hard\libnosys.a
END GROUP
LOAD c:/ac6/systemworkbench/plugins/fr.ac6.mcu.externaltools.arm-none.win32_1.17.0.201812190825/tools/compiler/bin/../lib/gcc/arm-none-eabi/7.3.1/thumb/v7e-m/fpv4-sp/hard/crtend.o
LOAD c:/ac6/systemworkbench/plugins/fr.ac6.mcu.externaltools.arm-none.win32_1.17.0.201812190825/tools/compiler/bin/../lib/gcc/arm-none-eabi/7.3.1/thumb/v7e-m/fpv4-sp/hard/crtn.o
                0x20028000                _estack = 0x20028000
                0x00000200                _Min_Heap_Size = 0x200
                0x00000400                _Min_Stack_Size = 0x400

.isr_vector     0x08000000      0x198
                0x08000000                . = ALIGN (0x8)
 *(.isr_vector)
 .isr_vector    0x08000000      0x194 startup/startup_stm32l452xx.o
                0x08000000                g_pfnVectors
                0x08000198                . = ALIGN (0x8)
 *fill*         0x08000194        0x4 

.text           0x080001a0     0x4c98
                0x080001a0                . = ALIGN (0x8)
 *(.text)
 .text          0x080001a0       0x40 c:/ac6/systemworkbench/plugins/fr.ac6.mcu.externaltools.arm-none.win32_1.17.0.201812190825/tools/compiler/bin/../lib/gcc/arm-none-eabi/7.3.1/thumb/v7e-m/fpv4-sp/hard/crtbegin.o
 .text          0x080001e0       0x30 c:/ac6/systemworkbench/plugins/fr.ac6.mcu.externaltools.arm-none.win32_1.17.0.201812190825/tools/compiler/bin/../lib/gcc/arm-none-eabi/7.3.1/thumb/v7e-m/fpv4-sp/hard\libgcc.a(_aeabi_uldivmod.o)
                0x080001e0                __aeabi_uldivmod
 .text          0x08000210      0x2cc c:/ac6/systemworkbench/plugins/fr.ac6.mcu.externaltools.arm-none.win32_1.17.0.201812190825/tools/compiler/bin/../lib/gcc/arm-none-eabi/7.3.1/thumb/v7e-m/fpv4-sp/hard\libgcc.a(_udivmoddi4.o)
                0x08000210                __udivmoddi4
 .text          0x080004dc        0x4 c:/ac6/systemworkbench/plugins/fr.ac6.mcu.externaltools.arm-none.win32_1.17.0.201812190825/tools/compiler/bin/../lib/gcc/arm-none-eabi/7.3.1/thumb/v7e-m/fpv4-sp/hard\libgcc.a(_dvmd_tls.o)
                0x080004dc                __aeabi_idiv0
                0x080004dc                __aeabi_ldiv0
 *(.text*)
 .text.HAL_Init
                0x080004e0       0x2c Drivers/STM32L4xx_HAL_Driver/Src/stm32l4xx_hal.o
                0x080004e0                HAL_Init
 .text.HAL_IncTick
                0x0800050c       0x18 Drivers/STM32L4xx_HAL_Driver/Src/stm32l4xx_hal.o
                0x0800050c                HAL_IncTick
 .text.HAL_GetTick
                0x08000524        0xc Drivers/STM32L4xx_HAL_Driver/Src/stm32l4xx_hal.o
                0x08000524                HAL_GetTick
 .text.HAL_NVIC_SetPriorityGrouping
                0x08000530       0x24 Drivers/STM32L4xx_HAL_Driver/Src/stm32l4xx_hal_cortex.o
                0x08000530                HAL_NVIC_SetPriorityGrouping
 .text.HAL_NVIC_SetPriority
                0x08000554       0x68 Drivers/STM32L4xx_HAL_Driver/Src/stm32l4xx_hal_cortex.o
                0x08000554                HAL_NVIC_SetPriority
 .text.HAL_NVIC_EnableIRQ
                0x080005bc       0x1c Drivers/STM32L4xx_HAL_Driver/Src/stm32l4xx_hal_cortex.o
                0x080005bc                HAL_NVIC_EnableIRQ
 .text.HAL_GPIO_Init
                0x080005d8      0x194 Drivers/STM32L4xx_HAL_Driver/Src/stm32l4xx_hal_gpio.o
                0x080005d8                HAL_GPIO_Init
 .text.HAL_GPIO_WritePin
                0x0800076c        0xa Drivers/STM32L4xx_HAL_Driver/Src/stm32l4xx_hal_gpio.o
                0x0800076c                HAL_GPIO_WritePin
 *fill*         0x08000776        0x2 
 .text.HAL_PWREx_GetVoltageRange
                0x08000778       0x10 Drivers/STM32L4xx_HAL_Driver/Src/stm32l4xx_hal_pwr_ex.o
                0x08000778                HAL_PWREx_GetVoltageRange
 .text.HAL_PWREx_ControlVoltageScaling
                0x08000788       0x90 Drivers/STM32L4xx_HAL_Driver/Src/stm32l4xx_hal_pwr_ex.o
                0x08000788                HAL_PWREx_ControlVoltageScaling
 .text.RCC_SetFlashLatencyFromMSIRange
                0x08000818       0x90 Drivers/STM32L4xx_HAL_Driver/Src/stm32l4xx_hal_rcc.o
 .text.HAL_RCC_GetSysClockFreq
                0x080008a8       0xb4 Drivers/STM32L4xx_HAL_Driver/Src/stm32l4xx_hal_rcc.o
                0x080008a8                HAL_RCC_GetSysClockFreq
 .text.HAL_RCC_OscConfig
                0x0800095c      0x63c Drivers/STM32L4xx_HAL_Driver/Src/stm32l4xx_hal_rcc.o
                0x0800095c                HAL_RCC_OscConfig
 .text.HAL_RCC_ClockConfig
                0x08000f98      0x158 Drivers/STM32L4xx_HAL_Driver/Src/stm32l4xx_hal_rcc.o
                0x08000f98                HAL_RCC_ClockConfig
 .text.HAL_RCC_GetHCLKFreq
                0x080010f0        0xc Drivers/STM32L4xx_HAL_Driver/Src/stm32l4xx_hal_rcc.o
                0x080010f0                HAL_RCC_GetHCLKFreq
 .text.HAL_RCC_GetPCLK1Freq
                0x080010fc       0x24 Drivers/STM32L4xx_HAL_Driver/Src/stm32l4xx_hal_rcc.o
                0x080010fc                HAL_RCC_GetPCLK1Freq
 .text.HAL_RCC_GetPCLK2Freq
                0x08001120       0x24 Drivers/STM32L4xx_HAL_Driver/Src/stm32l4xx_hal_rcc.o
                0x08001120                HAL_RCC_GetPCLK2Freq
 .text.HAL_RCC_GetClockConfig
                0x08001144       0x3c Drivers/STM32L4xx_HAL_Driver/Src/stm32l4xx_hal_rcc.o
                0x08001144                HAL_RCC_GetClockConfig
 .text.RCCEx_PLLSAI1_Config
                0x08001180      0x16c Drivers/STM32L4xx_HAL_Driver/Src/stm32l4xx_hal_rcc_ex.o
 .text.HAL_RCCEx_PeriphCLKConfig
                0x080012ec      0x398 Drivers/STM32L4xx_HAL_Driver/Src/stm32l4xx_hal_rcc_ex.o
                0x080012ec                HAL_RCCEx_PeriphCLKConfig
 .text.SPI_WaitFlagStateUntilTimeout
                0x08001684       0x90 Drivers/STM32L4xx_HAL_Driver/Src/stm32l4xx_hal_spi.o
 .text.SPI_WaitFifoStateUntilTimeout
                0x08001714       0x98 Drivers/STM32L4xx_HAL_Driver/Src/stm32l4xx_hal_spi.o
 .text.SPI_EndRxTxTransaction
                0x080017ac       0x66 Drivers/STM32L4xx_HAL_Driver/Src/stm32l4xx_hal_spi.o
 .text.SPI_EndRxTransaction
                0x08001812       0x88 Drivers/STM32L4xx_HAL_Driver/Src/stm32l4xx_hal_spi.o
 .text.HAL_SPI_Init
                0x0800189a       0xb0 Drivers/STM32L4xx_HAL_Driver/Src/stm32l4xx_hal_spi.o
                0x0800189a                HAL_SPI_Init
 .text.HAL_SPI_Transmit
                0x0800194a      0x1dc Drivers/STM32L4xx_HAL_Driver/Src/stm32l4xx_hal_spi.o
                0x0800194a                HAL_SPI_Transmit
 .text.HAL_SPI_TransmitReceive
                0x08001b26      0x2ce Drivers/STM32L4xx_HAL_Driver/Src/stm32l4xx_hal_spi.o
                0x08001b26                HAL_SPI_TransmitReceive
 .text.HAL_SPI_Receive
                0x08001df4      0x194 Drivers/STM32L4xx_HAL_Driver/Src/stm32l4xx_hal_spi.o
                0x08001df4                HAL_SPI_Receive
 .text.HAL_TIM_Base_MspInit
                0x08001f88        0x2 Drivers/STM32L4xx_HAL_Driver/Src/stm32l4xx_hal_tim.o
                0x08001f88                HAL_TIM_Base_MspInit
 *fill*         0x08001f8a        0x2 
 .text.HAL_TIM_Base_Start_IT
                0x08001f8c       0x2c Drivers/STM32L4xx_HAL_Driver/Src/stm32l4xx_hal_tim.o
                0x08001f8c                HAL_TIM_Base_Start_IT
 .text.HAL_TIM_OC_DelayElapsedCallback
                0x08001fb8        0x2 Drivers/STM32L4xx_HAL_Driver/Src/stm32l4xx_hal_tim.o
                0x08001fb8                HAL_TIM_OC_DelayElapsedCallback
 .text.HAL_TIM_IC_CaptureCallback
                0x08001fba        0x2 Drivers/STM32L4xx_HAL_Driver/Src/stm32l4xx_hal_tim.o
                0x08001fba                HAL_TIM_IC_CaptureCallback
 .text.HAL_TIM_PWM_PulseFinishedCallback
                0x08001fbc        0x2 Drivers/STM32L4xx_HAL_Driver/Src/stm32l4xx_hal_tim.o
                0x08001fbc                HAL_TIM_PWM_PulseFinishedCallback
 .text.HAL_TIM_TriggerCallback
                0x08001fbe        0x2 Drivers/STM32L4xx_HAL_Driver/Src/stm32l4xx_hal_tim.o
                0x08001fbe                HAL_TIM_TriggerCallback
 .text.HAL_TIM_IRQHandler
                0x08001fc0      0x19a Drivers/STM32L4xx_HAL_Driver/Src/stm32l4xx_hal_tim.o
                0x08001fc0                HAL_TIM_IRQHandler
 *fill*         0x0800215a        0x2 
 .text.TIM_Base_SetConfig
                0x0800215c       0x80 Drivers/STM32L4xx_HAL_Driver/Src/stm32l4xx_hal_tim.o
                0x0800215c                TIM_Base_SetConfig
 .text.HAL_TIM_Base_Init
                0x080021dc       0x32 Drivers/STM32L4xx_HAL_Driver/Src/stm32l4xx_hal_tim.o
                0x080021dc                HAL_TIM_Base_Init
 .text.HAL_TIMEx_CommutCallback
                0x0800220e        0x2 Drivers/STM32L4xx_HAL_Driver/Src/stm32l4xx_hal_tim_ex.o
                0x0800220e                HAL_TIMEx_CommutCallback
 .text.HAL_TIMEx_BreakCallback
                0x08002210        0x2 Drivers/STM32L4xx_HAL_Driver/Src/stm32l4xx_hal_tim_ex.o
                0x08002210                HAL_TIMEx_BreakCallback
 .text.HAL_TIMEx_Break2Callback
                0x08002212        0x2 Drivers/STM32L4xx_HAL_Driver/Src/stm32l4xx_hal_tim_ex.o
                0x08002212                HAL_TIMEx_Break2Callback
 .text.UART_SetConfig
                0x08002214      0x3e4 Drivers/STM32L4xx_HAL_Driver/Src/stm32l4xx_hal_uart.o
                0x08002214                UART_SetConfig
 .text.UART_AdvFeatureConfig
                0x080025f8       0xca Drivers/STM32L4xx_HAL_Driver/Src/stm32l4xx_hal_uart.o
                0x080025f8                UART_AdvFeatureConfig
 .text.UART_WaitOnFlagUntilTimeout
                0x080026c2       0x60 Drivers/STM32L4xx_HAL_Driver/Src/stm32l4xx_hal_uart.o
                0x080026c2                UART_WaitOnFlagUntilTimeout
 .text.UART_CheckIdleState
                0x08002722       0x6c Drivers/STM32L4xx_HAL_Driver/Src/stm32l4xx_hal_uart.o
                0x08002722                UART_CheckIdleState
 .text.HAL_UART_Init
                0x0800278e       0x62 Drivers/STM32L4xx_HAL_Driver/Src/stm32l4xx_hal_uart.o
                0x0800278e                HAL_UART_Init
 .text.osKernelInitialize
                0x080027f0       0x44 Middlewares/Third_Party/FreeRTOS/Source/CMSIS_RTOS_V2/cmsis_os2.o
                0x080027f0                osKernelInitialize
 .text.osKernelStart
                0x08002834       0x4c Middlewares/Third_Party/FreeRTOS/Source/CMSIS_RTOS_V2/cmsis_os2.o
                0x08002834                osKernelStart
 .text.osThreadNew
                0x08002880       0xe8 Middlewares/Third_Party/FreeRTOS/Source/CMSIS_RTOS_V2/cmsis_os2.o
                0x08002880                osThreadNew
 .text.osDelay  0x08002968       0x44 Middlewares/Third_Party/FreeRTOS/Source/CMSIS_RTOS_V2/cmsis_os2.o
                0x08002968                osDelay
 .text.vApplicationGetIdleTaskMemory
                0x080029ac       0x1c Middlewares/Third_Party/FreeRTOS/Source/CMSIS_RTOS_V2/cmsis_os2.o
                0x080029ac                vApplicationGetIdleTaskMemory
 .text.vApplicationGetTimerTaskMemory
                0x080029c8       0x20 Middlewares/Third_Party/FreeRTOS/Source/CMSIS_RTOS_V2/cmsis_os2.o
                0x080029c8                vApplicationGetTimerTaskMemory
 .text.vListInitialise
                0x080029e8       0x16 Middlewares/Third_Party/FreeRTOS/Source/list.o
                0x080029e8                vListInitialise
 .text.vListInitialiseItem
                0x080029fe        0x6 Middlewares/Third_Party/FreeRTOS/Source/list.o
                0x080029fe                vListInitialiseItem
 .text.vListInsertEnd
                0x08002a04       0x18 Middlewares/Third_Party/FreeRTOS/Source/list.o
                0x08002a04                vListInsertEnd
 .text.vListInsert
                0x08002a1c       0x34 Middlewares/Third_Party/FreeRTOS/Source/list.o
                0x08002a1c                vListInsert
 .text.uxListRemove
                0x08002a50       0x28 Middlewares/Third_Party/FreeRTOS/Source/list.o
                0x08002a50                uxListRemove
 .text.prvIsQueueFull
                0x08002a78       0x1e Middlewares/Third_Party/FreeRTOS/Source/queue.o
 .text.prvIsQueueEmpty
                0x08002a96       0x1a Middlewares/Third_Party/FreeRTOS/Source/queue.o
 .text.prvCopyDataToQueue
                0x08002ab0       0x76 Middlewares/Third_Party/FreeRTOS/Source/queue.o
 .text.prvCopyDataFromQueue
                0x08002b26       0x24 Middlewares/Third_Party/FreeRTOS/Source/queue.o
 .text.prvUnlockQueue
                0x08002b4a       0x6e Middlewares/Third_Party/FreeRTOS/Source/queue.o
 .text.xQueueGenericReset
                0x08002bb8       0x84 Middlewares/Third_Party/FreeRTOS/Source/queue.o
                0x08002bb8                xQueueGenericReset
 .text.prvInitialiseNewQueue
                0x08002c3c       0x22 Middlewares/Third_Party/FreeRTOS/Source/queue.o
 .text.xQueueGenericCreateStatic
                0x08002c5e       0x90 Middlewares/Third_Party/FreeRTOS/Source/queue.o
                0x08002c5e                xQueueGenericCreateStatic
 *fill*         0x08002cee        0x2 
 .text.xQueueGenericSend
                0x08002cf0      0x17c Middlewares/Third_Party/FreeRTOS/Source/queue.o
                0x08002cf0                xQueueGenericSend
 .text.xQueueGenericSendFromISR
                0x08002e6c       0xcc Middlewares/Third_Party/FreeRTOS/Source/queue.o
                0x08002e6c                xQueueGenericSendFromISR
 .text.xQueueReceive
                0x08002f38      0x158 Middlewares/Third_Party/FreeRTOS/Source/queue.o
                0x08002f38                xQueueReceive
 .text.vQueueAddToRegistry
                0x08003090       0x28 Middlewares/Third_Party/FreeRTOS/Source/queue.o
                0x08003090                vQueueAddToRegistry
 .text.vQueueWaitForMessageRestricted
                0x080030b8       0x52 Middlewares/Third_Party/FreeRTOS/Source/queue.o
                0x080030b8                vQueueWaitForMessageRestricted
 *fill*         0x0800310a        0x2 
 .text.prvResetNextTaskUnblockTime
                0x0800310c       0x24 Middlewares/Third_Party/FreeRTOS/Source/tasks.o
 .text.prvInitialiseNewTask
                0x08003130       0x90 Middlewares/Third_Party/FreeRTOS/Source/tasks.o
 .text.prvInitialiseTaskLists
                0x080031c0       0x58 Middlewares/Third_Party/FreeRTOS/Source/tasks.o
 .text.prvAddNewTaskToReadyList
                0x08003218       0xb0 Middlewares/Third_Party/FreeRTOS/Source/tasks.o
 .text.prvDeleteTCB
                0x080032c8       0x38 Middlewares/Third_Party/FreeRTOS/Source/tasks.o
 .text.prvCheckTasksWaitingTermination
                0x08003300       0x44 Middlewares/Third_Party/FreeRTOS/Source/tasks.o
 .text.prvIdleTask
                0x08003344       0x28 Middlewares/Third_Party/FreeRTOS/Source/tasks.o
 .text.prvAddCurrentTaskToDelayedList
                0x0800336c       0x6c Middlewares/Third_Party/FreeRTOS/Source/tasks.o
 .text.xTaskCreateStatic
                0x080033d8       0x72 Middlewares/Third_Party/FreeRTOS/Source/tasks.o
                0x080033d8                xTaskCreateStatic
 .text.xTaskCreate
                0x0800344a       0x66 Middlewares/Third_Party/FreeRTOS/Source/tasks.o
                0x0800344a                xTaskCreate
 .text.vTaskStartScheduler
                0x080034b0       0x8c Middlewares/Third_Party/FreeRTOS/Source/tasks.o
                0x080034b0                vTaskStartScheduler
 .text.vTaskSuspendAll
                0x0800353c       0x14 Middlewares/Third_Party/FreeRTOS/Source/tasks.o
                0x0800353c                vTaskSuspendAll
 .text.xTaskGetTickCount
                0x08003550        0xc Middlewares/Third_Party/FreeRTOS/Source/tasks.o
                0x08003550                xTaskGetTickCount
 .text.xTaskIncrementTick
                0x0800355c      0x10c Middlewares/Third_Party/FreeRTOS/Source/tasks.o
                0x0800355c                xTaskIncrementTick
 .text.xTaskResumeAll
                0x08003668       0xf0 Middlewares/Third_Party/FreeRTOS/Source/tasks.o
                0x08003668                xTaskResumeAll
 .text.vTaskDelay
                0x08003758       0x4c Middlewares/Third_Party/FreeRTOS/Source/tasks.o
                0x08003758                vTaskDelay
 .text.vTaskSwitchContext
                0x080037a4       0x94 Middlewares/Third_Party/FreeRTOS/Source/tasks.o
                0x080037a4                vTaskSwitchContext
 .text.vTaskPlaceOnEventList
                0x08003838       0x34 Middlewares/Third_Party/FreeRTOS/Source/tasks.o
                0x08003838                vTaskPlaceOnEventList
 .text.vTaskPlaceOnEventListRestricted
                0x0800386c       0x3c Middlewares/Third_Party/FreeRTOS/Source/tasks.o
                0x0800386c                vTaskPlaceOnEventListRestricted
 .text.xTaskRemoveFromEventList
                0x080038a8       0x88 Middlewares/Third_Party/FreeRTOS/Source/tasks.o
                0x080038a8                xTaskRemoveFromEventList
 .text.vTaskInternalSetTimeOutState
                0x08003930       0x14 Middlewares/Third_Party/FreeRTOS/Source/tasks.o
                0x08003930                vTaskInternalSetTimeOutState
 .text.xTaskCheckForTimeOut
                0x08003944       0x80 Middlewares/Third_Party/FreeRTOS/Source/tasks.o
                0x08003944                xTaskCheckForTimeOut
 .text.vTaskMissedYield
                0x080039c4       0x10 Middlewares/Third_Party/FreeRTOS/Source/tasks.o
                0x080039c4                vTaskMissedYield
 .text.xTaskGetSchedulerState
                0x080039d4       0x20 Middlewares/Third_Party/FreeRTOS/Source/tasks.o
                0x080039d4                xTaskGetSchedulerState
 .text.xTaskPriorityDisinherit
                0x080039f4       0x90 Middlewares/Third_Party/FreeRTOS/Source/tasks.o
                0x080039f4                xTaskPriorityDisinherit
 .text.prvGetNextExpireTime
                0x08003a84       0x20 Middlewares/Third_Party/FreeRTOS/Source/timers.o
 .text.prvInsertTimerInActiveList
                0x08003aa4       0x44 Middlewares/Third_Party/FreeRTOS/Source/timers.o
 .text.prvCheckForValidListAndQueue
                0x08003ae8       0x5c Middlewares/Third_Party/FreeRTOS/Source/timers.o
 .text.xTimerCreateTimerTask
                0x08003b44       0x64 Middlewares/Third_Party/FreeRTOS/Source/timers.o
                0x08003b44                xTimerCreateTimerTask
 .text.xTimerGenericCommand
                0x08003ba8       0x6c Middlewares/Third_Party/FreeRTOS/Source/timers.o
                0x08003ba8                xTimerGenericCommand
 .text.prvSwitchTimerLists
                0x08003c14       0x88 Middlewares/Third_Party/FreeRTOS/Source/timers.o
 .text.prvSampleTimeNow
                0x08003c9c       0x30 Middlewares/Third_Party/FreeRTOS/Source/timers.o
 .text.prvProcessExpiredTimer
                0x08003ccc       0x60 Middlewares/Third_Party/FreeRTOS/Source/timers.o
 .text.prvProcessTimerOrBlockTask
                0x08003d2c       0x70 Middlewares/Third_Party/FreeRTOS/Source/timers.o
 .text.prvProcessReceivedCommands
                0x08003d9c       0xfc Middlewares/Third_Party/FreeRTOS/Source/timers.o
 .text.prvTimerTask
                0x08003e98       0x16 Middlewares/Third_Party/FreeRTOS/Source/timers.o
 *fill*         0x08003eae        0x2 
 .text.prvTaskExitError
                0x08003eb0       0x40 Middlewares/Third_Party/FreeRTOS/Source/portable/GCC/ARM_CM4F/port.o
 .text.prvPortStartFirstTask
                0x08003ef0       0x28 Middlewares/Third_Party/FreeRTOS/Source/portable/GCC/ARM_CM4F/port.o
 .text.vPortEnableVFP
                0x08003f18       0x14 Middlewares/Third_Party/FreeRTOS/Source/portable/GCC/ARM_CM4F/port.o
 .text.pxPortInitialiseStack
                0x08003f2c       0x2c Middlewares/Third_Party/FreeRTOS/Source/portable/GCC/ARM_CM4F/port.o
                0x08003f2c                pxPortInitialiseStack
 *fill*         0x08003f58        0x8 
 .text.SVC_Handler
                0x08003f60       0x24 Middlewares/Third_Party/FreeRTOS/Source/portable/GCC/ARM_CM4F/port.o
                0x08003f60                SVC_Handler
 .text.vPortEnterCritical
                0x08003f84       0x44 Middlewares/Third_Party/FreeRTOS/Source/portable/GCC/ARM_CM4F/port.o
                0x08003f84                vPortEnterCritical
 .text.vPortExitCritical
                0x08003fc8       0x2c Middlewares/Third_Party/FreeRTOS/Source/portable/GCC/ARM_CM4F/port.o
                0x08003fc8                vPortExitCritical
 *fill*         0x08003ff4        0xc 
 .text.PendSV_Handler
                0x08004000       0x64 Middlewares/Third_Party/FreeRTOS/Source/portable/GCC/ARM_CM4F/port.o
                0x08004000                PendSV_Handler
 .text.SysTick_Handler
                0x08004064       0x2c Middlewares/Third_Party/FreeRTOS/Source/portable/GCC/ARM_CM4F/port.o
                0x08004064                SysTick_Handler
 .text.vPortSetupTimerInterrupt
                0x08004090       0x38 Middlewares/Third_Party/FreeRTOS/Source/portable/GCC/ARM_CM4F/port.o
                0x08004090                vPortSetupTimerInterrupt
 .text.xPortStartScheduler
                0x080040c8      0x108 Middlewares/Third_Party/FreeRTOS/Source/portable/GCC/ARM_CM4F/port.o
                0x080040c8                xPortStartScheduler
 .text.vPortValidateInterruptPriority
                0x080041d0       0x58 Middlewares/Third_Party/FreeRTOS/Source/portable/GCC/ARM_CM4F/port.o
                0x080041d0                vPortValidateInterruptPriority
 .text.prvHeapInit
                0x08004228       0x58 Middlewares/Third_Party/FreeRTOS/Source/portable/MemMang/heap_4.o
 .text.prvInsertBlockIntoFreeList
                0x08004280       0x58 Middlewares/Third_Party/FreeRTOS/Source/portable/MemMang/heap_4.o
 .text.pvPortMalloc
                0x080042d8      0x10c Middlewares/Third_Party/FreeRTOS/Source/portable/MemMang/heap_4.o
                0x080042d8                pvPortMalloc
 .text.vPortFree
                0x080043e4       0x70 Middlewares/Third_Party/FreeRTOS/Source/portable/MemMang/heap_4.o
                0x080043e4                vPortFree
 .text.StartDefaultTask
                0x08004454       0x44 Src/freertos.o
                0x08004454                StartDefaultTask
 .text.MX_FREERTOS_Init
                0x08004498       0x40 Src/freertos.o
                0x08004498                MX_FREERTOS_Init
 .text.MX_GPIO_Init
                0x080044d8       0xd8 Src/gpio.o
                0x080044d8                MX_GPIO_Init
 .text.SystemClock_Config
                0x080045b0       0x78 Src/main.o
                0x080045b0                SystemClock_Config
 .text.main     0x08004628       0x24 Src/main.o
                0x08004628                main
 .text.HAL_TIM_PeriodElapsedCallback
                0x0800464c       0x18 Src/main.o
                0x0800464c                HAL_TIM_PeriodElapsedCallback
 .text.Error_Handler
                0x08004664        0x2 Src/main.o
                0x08004664                Error_Handler
 *fill*         0x08004666        0x2 
 .text.MX_SPI1_Init
                0x08004668       0x48 Src/spi.o
                0x08004668                MX_SPI1_Init
 .text.HAL_SPI_MspInit
                0x080046b0       0x90 Src/spi.o
                0x080046b0                HAL_SPI_MspInit
 .text.HAL_MspInit
                0x08004740       0x40 Src/stm32l4xx_hal_msp.o
                0x08004740                HAL_MspInit
 .text.HAL_InitTick
                0x08004780       0x78 Src/stm32l4xx_hal_timebase_tim.o
                0x08004780                HAL_InitTick
 .text.NMI_Handler
                0x080047f8        0x2 Src/stm32l4xx_it.o
                0x080047f8                NMI_Handler
 .text.HardFault_Handler
                0x080047fa        0x2 Src/stm32l4xx_it.o
                0x080047fa                HardFault_Handler
 .text.MemManage_Handler
                0x080047fc        0x2 Src/stm32l4xx_it.o
                0x080047fc                MemManage_Handler
 .text.BusFault_Handler
                0x080047fe        0x2 Src/stm32l4xx_it.o
                0x080047fe                BusFault_Handler
 .text.UsageFault_Handler
                0x08004800        0x2 Src/stm32l4xx_it.o
                0x08004800                UsageFault_Handler
 .text.DebugMon_Handler
                0x08004802        0x2 Src/stm32l4xx_it.o
                0x08004802                DebugMon_Handler
 .text.TIM1_UP_TIM16_IRQHandler
                0x08004804       0x10 Src/stm32l4xx_it.o
                0x08004804                TIM1_UP_TIM16_IRQHandler
 .text.SystemInit
                0x08004814       0x48 Src/system_stm32l4xx.o
                0x08004814                SystemInit
 .text.MX_USART2_UART_Init
                0x0800485c       0x38 Src/usart.o
                0x0800485c                MX_USART2_UART_Init
 .text.HAL_UART_MspInit
                0x08004894       0x68 Src/usart.o
                0x08004894                HAL_UART_MspInit
 .text.W25qxx_Spi
                0x080048fc       0x2c Src/w25qxx.o
                0x080048fc                W25qxx_Spi
 .text.W25qxx_ReadID
                0x08004928       0x44 Src/w25qxx.o
                0x08004928                W25qxx_ReadID
 .text.W25qxx_ReadUniqID
                0x0800496c       0x50 Src/w25qxx.o
                0x0800496c                W25qxx_ReadUniqID
 .text.W25qxx_WriteEnable
                0x080049bc       0x2c Src/w25qxx.o
                0x080049bc                W25qxx_WriteEnable
 .text.W25qxx_ReadStatusRegister
                0x080049e8       0x6c Src/w25qxx.o
                0x080049e8                W25qxx_ReadStatusRegister
 .text.W25qxx_WaitForWriteEnd
                0x08004a54       0x48 Src/w25qxx.o
                0x08004a54                W25qxx_WaitForWriteEnd
 .text.W25qxx_Init
                0x08004a9c      0x11c Src/w25qxx.o
                0x08004a9c                W25qxx_Init
 .text.W25qxx_EraseChip
                0x08004bb8       0x58 Src/w25qxx.o
                0x08004bb8                W25qxx_EraseChip
 .text.W25qxx_WritePage
                0x08004c10       0xb8 Src/w25qxx.o
                0x08004c10                W25qxx_WritePage
 .text.W25qxx_ReadBytes
                0x08004cc8       0x90 Src/w25qxx.o
                0x08004cc8                W25qxx_ReadBytes
 .text.Reset_Handler
                0x08004d58       0x50 startup/startup_stm32l452xx.o
                0x08004d58                Reset_Handler
 .text.Default_Handler
                0x08004da8        0x2 startup/startup_stm32l452xx.o
                0x08004da8                RTC_Alarm_IRQHandler
                0x08004da8                EXTI2_IRQHandler
                0x08004da8                TIM1_CC_IRQHandler
                0x08004da8                TSC_IRQHandler
                0x08004da8                TAMP_STAMP_IRQHandler
                0x08004da8                EXTI3_IRQHandler
                0x08004da8                LPTIM2_IRQHandler
                0x08004da8                DFSDM1_FLT1_IRQHandler
                0x08004da8                I2C3_ER_IRQHandler
                0x08004da8                EXTI0_IRQHandler
                0x08004da8                I2C2_EV_IRQHandler
                0x08004da8                CAN1_RX0_IRQHandler
                0x08004da8                FPU_IRQHandler
                0x08004da8                SPI1_IRQHandler
                0x08004da8                TIM6_DAC_IRQHandler
                0x08004da8                DMA2_Channel2_IRQHandler
                0x08004da8                DMA1_Channel4_IRQHandler
                0x08004da8                ADC1_IRQHandler
                0x08004da8                USART3_IRQHandler
                0x08004da8                DMA1_Channel7_IRQHandler
                0x08004da8                CAN1_RX1_IRQHandler
                0x08004da8                DMA2_Channel1_IRQHandler
                0x08004da8                QUADSPI_IRQHandler
                0x08004da8                I2C1_EV_IRQHandler
                0x08004da8                DMA1_Channel6_IRQHandler
                0x08004da8                UART4_IRQHandler
                0x08004da8                DMA2_Channel4_IRQHandler
                0x08004da8                TIM3_IRQHandler
                0x08004da8                RCC_IRQHandler
                0x08004da8                TIM1_TRG_COM_IRQHandler
                0x08004da8                DMA1_Channel1_IRQHandler
                0x08004da8                Default_Handler
                0x08004da8                DMA2_Channel7_IRQHandler
                0x08004da8                EXTI15_10_IRQHandler
                0x08004da8                SDMMC1_IRQHandler
                0x08004da8                I2C3_EV_IRQHandler
                0x08004da8                USB_IRQHandler
                0x08004da8                EXTI9_5_IRQHandler
                0x08004da8                RTC_WKUP_IRQHandler
                0x08004da8                PVD_PVM_IRQHandler
                0x08004da8                SPI2_IRQHandler
                0x08004da8                CAN1_TX_IRQHandler
                0x08004da8                DMA2_Channel5_IRQHandler
                0x08004da8                CRS_IRQHandler
                0x08004da8                DMA1_Channel5_IRQHandler
                0x08004da8                EXTI4_IRQHandler
                0x08004da8                RNG_IRQHandler
                0x08004da8                DMA1_Channel3_IRQHandler
                0x08004da8                COMP_IRQHandler
                0x08004da8                WWDG_IRQHandler
                0x08004da8                I2C4_EV_IRQHandler
                0x08004da8                LPUART1_IRQHandler
                0x08004da8                DMA2_Channel6_IRQHandler
                0x08004da8                TIM2_IRQHandler
                0x08004da8                EXTI1_IRQHandler
                0x08004da8                USART2_IRQHandler
                0x08004da8                DFSDM1_FLT0_IRQHandler
                0x08004da8                I2C2_ER_IRQHandler
                0x08004da8                DMA1_Channel2_IRQHandler
                0x08004da8                CAN1_SCE_IRQHandler
                0x08004da8                FLASH_IRQHandler
                0x08004da8                USART1_IRQHandler
                0x08004da8                SPI3_IRQHandler
                0x08004da8                I2C1_ER_IRQHandler
                0x08004da8                LPTIM1_IRQHandler
                0x08004da8                I2C4_ER_IRQHandler
                0x08004da8                SAI1_IRQHandler
                0x08004da8                DMA2_Channel3_IRQHandler
                0x08004da8                TIM1_BRK_TIM15_IRQHandler
 *fill*         0x08004daa        0x2 
 .text.__libc_init_array
                0x08004dac       0x48 c:/ac6/systemworkbench/plugins/fr.ac6.mcu.externaltools.arm-none.win32_1.17.0.201812190825/tools/compiler/bin/../lib/gcc/arm-none-eabi/7.3.1/../../../../arm-none-eabi/lib/thumb/v7e-m/fpv4-sp/hard\libc_nano.a(lib_a-init.o)
                0x08004dac                __libc_init_array
 .text.memcpy   0x08004df4       0x16 c:/ac6/systemworkbench/plugins/fr.ac6.mcu.externaltools.arm-none.win32_1.17.0.201812190825/tools/compiler/bin/../lib/gcc/arm-none-eabi/7.3.1/../../../../arm-none-eabi/lib/thumb/v7e-m/fpv4-sp/hard\libc_nano.a(lib_a-memcpy-stub.o)
                0x08004df4                memcpy
 .text.memset   0x08004e0a       0x10 c:/ac6/systemworkbench/plugins/fr.ac6.mcu.externaltools.arm-none.win32_1.17.0.201812190825/tools/compiler/bin/../lib/gcc/arm-none-eabi/7.3.1/../../../../arm-none-eabi/lib/thumb/v7e-m/fpv4-sp/hard\libc_nano.a(lib_a-memset.o)
                0x08004e0a                memset
 *(.glue_7)
 .glue_7        0x08004e1a        0x0 linker stubs
 *(.glue_7t)
 .glue_7t       0x08004e1a        0x0 linker stubs
 *(.eh_frame)
 *fill*         0x08004e1a        0x2 
 .eh_frame      0x08004e1c        0x0 c:/ac6/systemworkbench/plugins/fr.ac6.mcu.externaltools.arm-none.win32_1.17.0.201812190825/tools/compiler/bin/../lib/gcc/arm-none-eabi/7.3.1/thumb/v7e-m/fpv4-sp/hard/crtbegin.o
 *(.init)
 .init          0x08004e1c        0x4 c:/ac6/systemworkbench/plugins/fr.ac6.mcu.externaltools.arm-none.win32_1.17.0.201812190825/tools/compiler/bin/../lib/gcc/arm-none-eabi/7.3.1/thumb/v7e-m/fpv4-sp/hard/crti.o
                0x08004e1c                _init
 .init          0x08004e20        0x8 c:/ac6/systemworkbench/plugins/fr.ac6.mcu.externaltools.arm-none.win32_1.17.0.201812190825/tools/compiler/bin/../lib/gcc/arm-none-eabi/7.3.1/thumb/v7e-m/fpv4-sp/hard/crtn.o
 *(.fini)
 .fini          0x08004e28        0x4 c:/ac6/systemworkbench/plugins/fr.ac6.mcu.externaltools.arm-none.win32_1.17.0.201812190825/tools/compiler/bin/../lib/gcc/arm-none-eabi/7.3.1/thumb/v7e-m/fpv4-sp/hard/crti.o
                0x08004e28                _fini
 .fini          0x08004e2c        0x8 c:/ac6/systemworkbench/plugins/fr.ac6.mcu.externaltools.arm-none.win32_1.17.0.201812190825/tools/compiler/bin/../lib/gcc/arm-none-eabi/7.3.1/thumb/v7e-m/fpv4-sp/hard/crtn.o
                0x08004e38                . = ALIGN (0x8)
 *fill*         0x08004e34        0x4 
                0x08004e38                _etext = .

.vfp11_veneer   0x08004e38        0x0
 .vfp11_veneer  0x08004e38        0x0 linker stubs

.v4_bx          0x08004e38        0x0
 .v4_bx         0x08004e38        0x0 linker stubs

.iplt           0x08004e38        0x0
 .iplt          0x08004e38        0x0 c:/ac6/systemworkbench/plugins/fr.ac6.mcu.externaltools.arm-none.win32_1.17.0.201812190825/tools/compiler/bin/../lib/gcc/arm-none-eabi/7.3.1/thumb/v7e-m/fpv4-sp/hard/crtbegin.o

.rodata         0x08004e38       0x70
                0x08004e38                . = ALIGN (0x8)
 *(.rodata)
 .rodata        0x08004e38       0x48 Src/system_stm32l4xx.o
                0x08004e38                MSIRangeTable
                0x08004e68                AHBPrescTable
                0x08004e78                APBPrescTable
 *(.rodata*)
 .rodata.str1.4
                0x08004e80        0x5 Middlewares/Third_Party/FreeRTOS/Source/tasks.o
 *fill*         0x08004e85        0x3 
 .rodata.str1.4
                0x08004e88       0x10 Middlewares/Third_Party/FreeRTOS/Source/timers.o
 .rodata.str1.4
                0x08004e98        0xc Src/freertos.o
                0x08004ea8                . = ALIGN (0x8)
 *fill*         0x08004ea4        0x4 

.ARM.extab      0x08004ea8        0x0
                0x08004ea8                . = ALIGN (0x8)
 *(.ARM.extab* .gnu.linkonce.armextab.*)
                0x08004ea8                . = ALIGN (0x8)

.ARM            0x08004ea8        0x8
                0x08004ea8                . = ALIGN (0x8)
                0x08004ea8                __exidx_start = .
 *(.ARM.exidx*)
 .ARM.exidx     0x08004ea8        0x8 c:/ac6/systemworkbench/plugins/fr.ac6.mcu.externaltools.arm-none.win32_1.17.0.201812190825/tools/compiler/bin/../lib/gcc/arm-none-eabi/7.3.1/thumb/v7e-m/fpv4-sp/hard\libgcc.a(_udivmoddi4.o)
                0x08004eb0                __exidx_end = .
                0x08004eb0                . = ALIGN (0x8)

.rel.dyn        0x08004eb0        0x0
 .rel.iplt      0x08004eb0        0x0 c:/ac6/systemworkbench/plugins/fr.ac6.mcu.externaltools.arm-none.win32_1.17.0.201812190825/tools/compiler/bin/../lib/gcc/arm-none-eabi/7.3.1/thumb/v7e-m/fpv4-sp/hard/crtbegin.o

.preinit_array  0x08004eb0        0x0
                0x08004eb0                . = ALIGN (0x8)
                0x08004eb0                PROVIDE (__preinit_array_start = .)
 *(.preinit_array*)
                0x08004eb0                PROVIDE (__preinit_array_end = .)
                0x08004eb0                . = ALIGN (0x8)

.init_array     0x08004eb0        0x8
                0x08004eb0                . = ALIGN (0x8)
                0x08004eb0                PROVIDE (__init_array_start = .)
 *(SORT_BY_NAME(.init_array.*))
 *(.init_array*)
 .init_array    0x08004eb0        0x4 c:/ac6/systemworkbench/plugins/fr.ac6.mcu.externaltools.arm-none.win32_1.17.0.201812190825/tools/compiler/bin/../lib/gcc/arm-none-eabi/7.3.1/thumb/v7e-m/fpv4-sp/hard/crtbegin.o
                0x08004eb4                PROVIDE (__init_array_end = .)
                0x08004eb8                . = ALIGN (0x8)
 *fill*         0x08004eb4        0x4 

.fini_array     0x08004eb8        0x8
                0x08004eb8                . = ALIGN (0x8)
                [!provide]                PROVIDE (__fini_array_start = .)
 *(SORT_BY_NAME(.fini_array.*))
 *(.fini_array*)
 .fini_array    0x08004eb8        0x4 c:/ac6/systemworkbench/plugins/fr.ac6.mcu.externaltools.arm-none.win32_1.17.0.201812190825/tools/compiler/bin/../lib/gcc/arm-none-eabi/7.3.1/thumb/v7e-m/fpv4-sp/hard/crtbegin.o
                [!provide]                PROVIDE (__fini_array_end = .)
                0x08004ec0                . = ALIGN (0x8)
 *fill*         0x08004ebc        0x4 
                0x08004ec0                _sidata = LOADADDR (.data)

.data           0x20000000       0x18 load address 0x08004ec0
                0x20000000                . = ALIGN (0x8)
                0x20000000                _sdata = .
 *(.data)
 .data          0x20000000        0x8 Drivers/STM32L4xx_HAL_Driver/Src/stm32l4xx_hal.o
                0x20000000                uwTickFreq
                0x20000004                uwTickPrio
 .data          0x20000008        0x4 Middlewares/Third_Party/FreeRTOS/Source/portable/GCC/ARM_CM4F/port.o
 .data          0x2000000c        0x5 Src/freertos.o
 *fill*         0x20000011        0x3 
 .data          0x20000014        0x4 Src/system_stm32l4xx.o
                0x20000014                SystemCoreClock
 *(.data*)
                0x20000018                . = ALIGN (0x8)
                0x20000018                _edata = .

.igot.plt       0x20000018        0x0 load address 0x08004ed8
 .igot.plt      0x20000018        0x0 c:/ac6/systemworkbench/plugins/fr.ac6.mcu.externaltools.arm-none.win32_1.17.0.201812190825/tools/compiler/bin/../lib/gcc/arm-none-eabi/7.3.1/thumb/v7e-m/fpv4-sp/hard/crtbegin.o
                0x20000018                . = ALIGN (0x4)

.bss            0x20000018     0x1a74 load address 0x08004ed8
                0x20000018                _sbss = .
                0x20000018                __bss_start__ = _sbss
 *(.bss)
 .bss           0x20000018       0x1c c:/ac6/systemworkbench/plugins/fr.ac6.mcu.externaltools.arm-none.win32_1.17.0.201812190825/tools/compiler/bin/../lib/gcc/arm-none-eabi/7.3.1/thumb/v7e-m/fpv4-sp/hard/crtbegin.o
 .bss           0x20000034      0x6bc Middlewares/Third_Party/FreeRTOS/Source/CMSIS_RTOS_V2/cmsis_os2.o
 .bss           0x200006f0      0x4fc Middlewares/Third_Party/FreeRTOS/Source/tasks.o
                0x20000bc4                pxCurrentTCB
 .bss           0x20000bec      0x12c Middlewares/Third_Party/FreeRTOS/Source/timers.o
 .bss           0x20000d18        0x8 Middlewares/Third_Party/FreeRTOS/Source/portable/GCC/ARM_CM4F/port.o
 .bss           0x20000d20      0xbd0 Middlewares/Third_Party/FreeRTOS/Source/portable/MemMang/heap_4.o
 .bss           0x200018f0        0x5 Src/freertos.o
 *(.bss*)
 *(COMMON)
 *fill*         0x200018f5        0x3 
 COMMON         0x200018f8        0x4 Drivers/STM32L4xx_HAL_Driver/Src/stm32l4xx_hal.o
                0x200018f8                uwTick
 COMMON         0x200018fc       0x40 Middlewares/Third_Party/FreeRTOS/Source/queue.o
                0x200018fc                xQueueRegistry
 COMMON         0x2000193c        0x4 Src/freertos.o
                0x2000193c                defaultTaskHandle
 COMMON         0x20001940       0x64 Src/spi.o
                0x20001940                hspi1
 COMMON         0x200019a4       0x40 Src/stm32l4xx_hal_timebase_tim.o
                0x200019a4                htim1
 COMMON         0x200019e4       0x80 Src/usart.o
                0x200019e4                huart2
 COMMON         0x20001a64       0x28 Src/w25qxx.o
                0x20001a64                w25qxx
                0x20001a8c                . = ALIGN (0x4)
                0x20001a8c                _ebss = .
                0x20001a8c                __bss_end__ = _ebss

._user_heap_stack
                0x20001a8c      0x604 load address 0x08004ed8
                0x20001a90                . = ALIGN (0x8)
 *fill*         0x20001a8c        0x4 
                0x20001a90                PROVIDE (end = .)
                [!provide]                PROVIDE (_end = .)
                0x20001c90                . = (. + _Min_Heap_Size)
 *fill*         0x20001a90      0x200 
                0x20002090                . = (. + _Min_Stack_Size)
 *fill*         0x20001c90      0x400 
                0x20002090                . = ALIGN (0x8)

/DISCARD/
 libc.a(*)
 libm.a(*)
 libgcc.a(*)

.ARM.attributes
                0x00000000       0x30
 *(.ARM.attributes)
 .ARM.attributes
                0x00000000       0x22 c:/ac6/systemworkbench/plugins/fr.ac6.mcu.externaltools.arm-none.win32_1.17.0.201812190825/tools/compiler/bin/../lib/gcc/arm-none-eabi/7.3.1/thumb/v7e-m/fpv4-sp/hard/crti.o
 .ARM.attributes
                0x00000022       0x34 c:/ac6/systemworkbench/plugins/fr.ac6.mcu.externaltools.arm-none.win32_1.17.0.201812190825/tools/compiler/bin/../lib/gcc/arm-none-eabi/7.3.1/thumb/v7e-m/fpv4-sp/hard/crtbegin.o
 .ARM.attributes
                0x00000056       0x39 Drivers/STM32L4xx_HAL_Driver/Src/stm32l4xx_hal.o
 .ARM.attributes
                0x0000008f       0x39 Drivers/STM32L4xx_HAL_Driver/Src/stm32l4xx_hal_cortex.o
 .ARM.attributes
                0x000000c8       0x39 Drivers/STM32L4xx_HAL_Driver/Src/stm32l4xx_hal_gpio.o
 .ARM.attributes
                0x00000101       0x39 Drivers/STM32L4xx_HAL_Driver/Src/stm32l4xx_hal_pwr_ex.o
 .ARM.attributes
                0x0000013a       0x39 Drivers/STM32L4xx_HAL_Driver/Src/stm32l4xx_hal_rcc.o
 .ARM.attributes
                0x00000173       0x39 Drivers/STM32L4xx_HAL_Driver/Src/stm32l4xx_hal_rcc_ex.o
 .ARM.attributes
                0x000001ac       0x39 Drivers/STM32L4xx_HAL_Driver/Src/stm32l4xx_hal_spi.o
 .ARM.attributes
                0x000001e5       0x39 Drivers/STM32L4xx_HAL_Driver/Src/stm32l4xx_hal_tim.o
 .ARM.attributes
                0x0000021e       0x39 Drivers/STM32L4xx_HAL_Driver/Src/stm32l4xx_hal_tim_ex.o
 .ARM.attributes
                0x00000257       0x39 Drivers/STM32L4xx_HAL_Driver/Src/stm32l4xx_hal_uart.o
 .ARM.attributes
                0x00000290       0x39 Middlewares/Third_Party/FreeRTOS/Source/CMSIS_RTOS_V2/cmsis_os2.o
 .ARM.attributes
                0x000002c9       0x39 Middlewares/Third_Party/FreeRTOS/Source/list.o
 .ARM.attributes
                0x00000302       0x39 Middlewares/Third_Party/FreeRTOS/Source/queue.o
 .ARM.attributes
                0x0000033b       0x39 Middlewares/Third_Party/FreeRTOS/Source/tasks.o
 .ARM.attributes
                0x00000374       0x39 Middlewares/Third_Party/FreeRTOS/Source/timers.o
 .ARM.attributes
                0x000003ad       0x39 Middlewares/Third_Party/FreeRTOS/Source/portable/GCC/ARM_CM4F/port.o
 .ARM.attributes
                0x000003e6       0x39 Middlewares/Third_Party/FreeRTOS/Source/portable/MemMang/heap_4.o
 .ARM.attributes
                0x0000041f       0x39 Src/freertos.o
 .ARM.attributes
                0x00000458       0x39 Src/gpio.o
 .ARM.attributes
                0x00000491       0x39 Src/main.o
 .ARM.attributes
                0x000004ca       0x39 Src/spi.o
 .ARM.attributes
                0x00000503       0x39 Src/stm32l4xx_hal_msp.o
 .ARM.attributes
                0x0000053c       0x39 Src/stm32l4xx_hal_timebase_tim.o
 .ARM.attributes
                0x00000575       0x39 Src/stm32l4xx_it.o
 .ARM.attributes
                0x000005ae       0x39 Src/system_stm32l4xx.o
 .ARM.attributes
                0x000005e7       0x39 Src/usart.o
 .ARM.attributes
                0x00000620       0x39 Src/w25qxx.o
 .ARM.attributes
                0x00000659       0x21 startup/startup_stm32l452xx.o
 .ARM.attributes
                0x0000067a       0x22 c:/ac6/systemworkbench/plugins/fr.ac6.mcu.externaltools.arm-none.win32_1.17.0.201812190825/tools/compiler/bin/../lib/gcc/arm-none-eabi/7.3.1/thumb/v7e-m/fpv4-sp/hard\libgcc.a(_aeabi_uldivmod.o)
 .ARM.attributes
                0x0000069c       0x34 c:/ac6/systemworkbench/plugins/fr.ac6.mcu.externaltools.arm-none.win32_1.17.0.201812190825/tools/compiler/bin/../lib/gcc/arm-none-eabi/7.3.1/thumb/v7e-m/fpv4-sp/hard\libgcc.a(_udivmoddi4.o)
 .ARM.attributes
                0x000006d0       0x22 c:/ac6/systemworkbench/plugins/fr.ac6.mcu.externaltools.arm-none.win32_1.17.0.201812190825/tools/compiler/bin/../lib/gcc/arm-none-eabi/7.3.1/thumb/v7e-m/fpv4-sp/hard\libgcc.a(_dvmd_tls.o)
 .ARM.attributes
                0x000006f2       0x34 c:/ac6/systemworkbench/plugins/fr.ac6.mcu.externaltools.arm-none.win32_1.17.0.201812190825/tools/compiler/bin/../lib/gcc/arm-none-eabi/7.3.1/../../../../arm-none-eabi/lib/thumb/v7e-m/fpv4-sp/hard\libc_nano.a(lib_a-init.o)
 .ARM.attributes
                0x00000726       0x34 c:/ac6/systemworkbench/plugins/fr.ac6.mcu.externaltools.arm-none.win32_1.17.0.201812190825/tools/compiler/bin/../lib/gcc/arm-none-eabi/7.3.1/../../../../arm-none-eabi/lib/thumb/v7e-m/fpv4-sp/hard\libc_nano.a(lib_a-memcpy-stub.o)
 .ARM.attributes
                0x0000075a       0x34 c:/ac6/systemworkbench/plugins/fr.ac6.mcu.externaltools.arm-none.win32_1.17.0.201812190825/tools/compiler/bin/../lib/gcc/arm-none-eabi/7.3.1/../../../../arm-none-eabi/lib/thumb/v7e-m/fpv4-sp/hard\libc_nano.a(lib_a-memset.o)
 .ARM.attributes
                0x0000078e       0x22 c:/ac6/systemworkbench/plugins/fr.ac6.mcu.externaltools.arm-none.win32_1.17.0.201812190825/tools/compiler/bin/../lib/gcc/arm-none-eabi/7.3.1/thumb/v7e-m/fpv4-sp/hard/crtn.o
OUTPUT(w25qxx_spi_with_stm32l452RE.elf elf32-littlearm)

.debug_info     0x00000000    0x2489d
 .debug_info    0x00000000      0xd31 Drivers/STM32L4xx_HAL_Driver/Src/stm32l4xx_hal.o
 .debug_info    0x00000d31     0x1058 Drivers/STM32L4xx_HAL_Driver/Src/stm32l4xx_hal_cortex.o
 .debug_info    0x00001d89      0x996 Drivers/STM32L4xx_HAL_Driver/Src/stm32l4xx_hal_gpio.o
 .debug_info    0x0000271f      0xac4 Drivers/STM32L4xx_HAL_Driver/Src/stm32l4xx_hal_pwr_ex.o
 .debug_info    0x000031e3      0xf0a Drivers/STM32L4xx_HAL_Driver/Src/stm32l4xx_hal_rcc.o
 .debug_info    0x000040ed     0x12ff Drivers/STM32L4xx_HAL_Driver/Src/stm32l4xx_hal_rcc_ex.o
 .debug_info    0x000053ec     0x1f36 Drivers/STM32L4xx_HAL_Driver/Src/stm32l4xx_hal_spi.o
 .debug_info    0x00007322     0x33df Drivers/STM32L4xx_HAL_Driver/Src/stm32l4xx_hal_tim.o
 .debug_info    0x0000a701     0x177b Drivers/STM32L4xx_HAL_Driver/Src/stm32l4xx_hal_tim_ex.o
 .debug_info    0x0000be7c     0x1d94 Drivers/STM32L4xx_HAL_Driver/Src/stm32l4xx_hal_uart.o
 .debug_info    0x0000dc10     0x4b13 Middlewares/Third_Party/FreeRTOS/Source/CMSIS_RTOS_V2/cmsis_os2.o
 .debug_info    0x00012723      0xad2 Middlewares/Third_Party/FreeRTOS/Source/list.o
 .debug_info    0x000131f5     0x2c63 Middlewares/Third_Party/FreeRTOS/Source/queue.o
 .debug_info    0x00015e58     0x3423 Middlewares/Third_Party/FreeRTOS/Source/tasks.o
 .debug_info    0x0001927b     0x1f82 Middlewares/Third_Party/FreeRTOS/Source/timers.o
 .debug_info    0x0001b1fd      0x56f Middlewares/Third_Party/FreeRTOS/Source/portable/GCC/ARM_CM4F/port.o
 .debug_info    0x0001b76c      0xc71 Middlewares/Third_Party/FreeRTOS/Source/portable/MemMang/heap_4.o
 .debug_info    0x0001c3dd      0xbf0 Src/freertos.o
 .debug_info    0x0001cfcd      0x71b Src/gpio.o
 .debug_info    0x0001d6e8     0x12e8 Src/main.o
 .debug_info    0x0001e9d0      0xbd0 Src/spi.o
 .debug_info    0x0001f5a0      0x6f2 Src/stm32l4xx_hal_msp.o
 .debug_info    0x0001fc92      0xd2f Src/stm32l4xx_hal_timebase_tim.o
 .debug_info    0x000209c1      0x7d9 Src/stm32l4xx_it.o
 .debug_info    0x0002119a      0x716 Src/system_stm32l4xx.o
 .debug_info    0x000218b0      0xc0e Src/usart.o
 .debug_info    0x000224be     0x23bd Src/w25qxx.o
 .debug_info    0x0002487b       0x22 startup/startup_stm32l452xx.o

.debug_abbrev   0x00000000     0x3e1d
 .debug_abbrev  0x00000000      0x209 Drivers/STM32L4xx_HAL_Driver/Src/stm32l4xx_hal.o
 .debug_abbrev  0x00000209      0x328 Drivers/STM32L4xx_HAL_Driver/Src/stm32l4xx_hal_cortex.o
 .debug_abbrev  0x00000531      0x1de Drivers/STM32L4xx_HAL_Driver/Src/stm32l4xx_hal_gpio.o
 .debug_abbrev  0x0000070f      0x1de Drivers/STM32L4xx_HAL_Driver/Src/stm32l4xx_hal_pwr_ex.o
 .debug_abbrev  0x000008ed      0x21f Drivers/STM32L4xx_HAL_Driver/Src/stm32l4xx_hal_rcc.o
 .debug_abbrev  0x00000b0c      0x24c Drivers/STM32L4xx_HAL_Driver/Src/stm32l4xx_hal_rcc_ex.o
 .debug_abbrev  0x00000d58      0x238 Drivers/STM32L4xx_HAL_Driver/Src/stm32l4xx_hal_spi.o
 .debug_abbrev  0x00000f90      0x226 Drivers/STM32L4xx_HAL_Driver/Src/stm32l4xx_hal_tim.o
 .debug_abbrev  0x000011b6      0x237 Drivers/STM32L4xx_HAL_Driver/Src/stm32l4xx_hal_tim_ex.o
 .debug_abbrev  0x000013ed      0x24d Drivers/STM32L4xx_HAL_Driver/Src/stm32l4xx_hal_uart.o
 .debug_abbrev  0x0000163a      0x434 Middlewares/Third_Party/FreeRTOS/Source/CMSIS_RTOS_V2/cmsis_os2.o
 .debug_abbrev  0x00001a6e      0x223 Middlewares/Third_Party/FreeRTOS/Source/list.o
 .debug_abbrev  0x00001c91      0x3ce Middlewares/Third_Party/FreeRTOS/Source/queue.o
 .debug_abbrev  0x0000205f      0x3a8 Middlewares/Third_Party/FreeRTOS/Source/tasks.o
 .debug_abbrev  0x00002407      0x353 Middlewares/Third_Party/FreeRTOS/Source/timers.o
 .debug_abbrev  0x0000275a      0x23d Middlewares/Third_Party/FreeRTOS/Source/portable/GCC/ARM_CM4F/port.o
 .debug_abbrev  0x00002997      0x318 Middlewares/Third_Party/FreeRTOS/Source/portable/MemMang/heap_4.o
 .debug_abbrev  0x00002caf      0x1e7 Src/freertos.o
 .debug_abbrev  0x00002e96      0x162 Src/gpio.o
 .debug_abbrev  0x00002ff8      0x209 Src/main.o
 .debug_abbrev  0x00003201      0x1c9 Src/spi.o
 .debug_abbrev  0x000033ca      0x14f Src/stm32l4xx_hal_msp.o
 .debug_abbrev  0x00003519      0x1f0 Src/stm32l4xx_hal_timebase_tim.o
 .debug_abbrev  0x00003709      0x178 Src/stm32l4xx_it.o
 .debug_abbrev  0x00003881      0x150 Src/system_stm32l4xx.o
 .debug_abbrev  0x000039d1      0x1c9 Src/usart.o
 .debug_abbrev  0x00003b9a      0x271 Src/w25qxx.o
 .debug_abbrev  0x00003e0b       0x12 startup/startup_stm32l452xx.o

.debug_loc      0x00000000    0x145b9
 .debug_loc     0x00000000      0x1f1 Drivers/STM32L4xx_HAL_Driver/Src/stm32l4xx_hal.o
 .debug_loc     0x000001f1      0x5ce Drivers/STM32L4xx_HAL_Driver/Src/stm32l4xx_hal_cortex.o
 .debug_loc     0x000007bf      0x2bd Drivers/STM32L4xx_HAL_Driver/Src/stm32l4xx_hal_gpio.o
 .debug_loc     0x00000a7c      0x79e Drivers/STM32L4xx_HAL_Driver/Src/stm32l4xx_hal_pwr_ex.o
 .debug_loc     0x0000121a      0x650 Drivers/STM32L4xx_HAL_Driver/Src/stm32l4xx_hal_rcc.o
 .debug_loc     0x0000186a     0x1895 Drivers/STM32L4xx_HAL_Driver/Src/stm32l4xx_hal_rcc_ex.o
 .debug_loc     0x000030ff     0x1a4c Drivers/STM32L4xx_HAL_Driver/Src/stm32l4xx_hal_spi.o
 .debug_loc     0x00004b4b     0x3b47 Drivers/STM32L4xx_HAL_Driver/Src/stm32l4xx_hal_tim.o
 .debug_loc     0x00008692     0x1981 Drivers/STM32L4xx_HAL_Driver/Src/stm32l4xx_hal_tim_ex.o
 .debug_loc     0x0000a013     0x181c Drivers/STM32L4xx_HAL_Driver/Src/stm32l4xx_hal_uart.o
 .debug_loc     0x0000b82f     0x3f51 Middlewares/Third_Party/FreeRTOS/Source/CMSIS_RTOS_V2/cmsis_os2.o
 .debug_loc     0x0000f780       0x70 Middlewares/Third_Party/FreeRTOS/Source/list.o
 .debug_loc     0x0000f7f0     0x140a Middlewares/Third_Party/FreeRTOS/Source/queue.o
 .debug_loc     0x00010bfa     0x1b9d Middlewares/Third_Party/FreeRTOS/Source/tasks.o
 .debug_loc     0x00012797      0xbe9 Middlewares/Third_Party/FreeRTOS/Source/timers.o
 .debug_loc     0x00013380       0xdc Middlewares/Third_Party/FreeRTOS/Source/portable/GCC/ARM_CM4F/port.o
 .debug_loc     0x0001345c      0x291 Middlewares/Third_Party/FreeRTOS/Source/portable/MemMang/heap_4.o
 .debug_loc     0x000136ed       0x21 Src/freertos.o
 .debug_loc     0x0001370e       0x3a Src/main.o
 .debug_loc     0x00013748       0x74 Src/spi.o
 .debug_loc     0x000137bc       0x79 Src/stm32l4xx_hal_timebase_tim.o
 .debug_loc     0x00013835      0x1b8 Src/system_stm32l4xx.o
 .debug_loc     0x000139ed       0x74 Src/usart.o
 .debug_loc     0x00013a61      0xb58 Src/w25qxx.o

.debug_aranges  0x00000000     0x17f0
 .debug_aranges
                0x00000000      0x130 Drivers/STM32L4xx_HAL_Driver/Src/stm32l4xx_hal.o
 .debug_aranges
                0x00000130       0xa8 Drivers/STM32L4xx_HAL_Driver/Src/stm32l4xx_hal_cortex.o
 .debug_aranges
                0x000001d8       0x58 Drivers/STM32L4xx_HAL_Driver/Src/stm32l4xx_hal_gpio.o
 .debug_aranges
                0x00000230      0x120 Drivers/STM32L4xx_HAL_Driver/Src/stm32l4xx_hal_pwr_ex.o
 .debug_aranges
                0x00000350       0x88 Drivers/STM32L4xx_HAL_Driver/Src/stm32l4xx_hal_rcc.o
 .debug_aranges
                0x000003d8       0xf0 Drivers/STM32L4xx_HAL_Driver/Src/stm32l4xx_hal_rcc_ex.o
 .debug_aranges
                0x000004c8      0x1d8 Drivers/STM32L4xx_HAL_Driver/Src/stm32l4xx_hal_spi.o
 .debug_aranges
                0x000006a0      0x3b8 Drivers/STM32L4xx_HAL_Driver/Src/stm32l4xx_hal_tim.o
 .debug_aranges
                0x00000a58      0x168 Drivers/STM32L4xx_HAL_Driver/Src/stm32l4xx_hal_tim_ex.o
 .debug_aranges
                0x00000bc0      0x1f8 Drivers/STM32L4xx_HAL_Driver/Src/stm32l4xx_hal_uart.o
 .debug_aranges
                0x00000db8      0x228 Middlewares/Third_Party/FreeRTOS/Source/CMSIS_RTOS_V2/cmsis_os2.o
 .debug_aranges
                0x00000fe0       0x40 Middlewares/Third_Party/FreeRTOS/Source/list.o
 .debug_aranges
                0x00001020      0x158 Middlewares/Third_Party/FreeRTOS/Source/queue.o
 .debug_aranges
                0x00001178      0x1f8 Middlewares/Third_Party/FreeRTOS/Source/tasks.o
 .debug_aranges
                0x00001370       0xe0 Middlewares/Third_Party/FreeRTOS/Source/timers.o
 .debug_aranges
                0x00001450       0x80 Middlewares/Third_Party/FreeRTOS/Source/portable/GCC/ARM_CM4F/port.o
 .debug_aranges
                0x000014d0       0x50 Middlewares/Third_Party/FreeRTOS/Source/portable/MemMang/heap_4.o
 .debug_aranges
                0x00001520       0x28 Src/freertos.o
 .debug_aranges
                0x00001548       0x20 Src/gpio.o
 .debug_aranges
                0x00001568       0x38 Src/main.o
 .debug_aranges
                0x000015a0       0x30 Src/spi.o
 .debug_aranges
                0x000015d0       0x20 Src/stm32l4xx_hal_msp.o
 .debug_aranges
                0x000015f0       0x30 Src/stm32l4xx_hal_timebase_tim.o
 .debug_aranges
                0x00001620       0x50 Src/stm32l4xx_it.o
 .debug_aranges
                0x00001670       0x28 Src/system_stm32l4xx.o
 .debug_aranges
                0x00001698       0x30 Src/usart.o
 .debug_aranges
                0x000016c8      0x100 Src/w25qxx.o
 .debug_aranges
                0x000017c8       0x28 startup/startup_stm32l452xx.o

.debug_ranges   0x00000000     0x1890
 .debug_ranges  0x00000000      0x120 Drivers/STM32L4xx_HAL_Driver/Src/stm32l4xx_hal.o
 .debug_ranges  0x00000120       0xf8 Drivers/STM32L4xx_HAL_Driver/Src/stm32l4xx_hal_cortex.o
 .debug_ranges  0x00000218       0x48 Drivers/STM32L4xx_HAL_Driver/Src/stm32l4xx_hal_gpio.o
 .debug_ranges  0x00000260      0x110 Drivers/STM32L4xx_HAL_Driver/Src/stm32l4xx_hal_pwr_ex.o
 .debug_ranges  0x00000370       0x90 Drivers/STM32L4xx_HAL_Driver/Src/stm32l4xx_hal_rcc.o
 .debug_ranges  0x00000400       0xf8 Drivers/STM32L4xx_HAL_Driver/Src/stm32l4xx_hal_rcc_ex.o
 .debug_ranges  0x000004f8      0x1c8 Drivers/STM32L4xx_HAL_Driver/Src/stm32l4xx_hal_spi.o
 .debug_ranges  0x000006c0      0x3a8 Drivers/STM32L4xx_HAL_Driver/Src/stm32l4xx_hal_tim.o
 .debug_ranges  0x00000a68      0x158 Drivers/STM32L4xx_HAL_Driver/Src/stm32l4xx_hal_tim_ex.o
 .debug_ranges  0x00000bc0      0x1e8 Drivers/STM32L4xx_HAL_Driver/Src/stm32l4xx_hal_uart.o
 .debug_ranges  0x00000da8      0x218 Middlewares/Third_Party/FreeRTOS/Source/CMSIS_RTOS_V2/cmsis_os2.o
 .debug_ranges  0x00000fc0       0x30 Middlewares/Third_Party/FreeRTOS/Source/list.o
 .debug_ranges  0x00000ff0      0x228 Middlewares/Third_Party/FreeRTOS/Source/queue.o
 .debug_ranges  0x00001218      0x2d0 Middlewares/Third_Party/FreeRTOS/Source/tasks.o
 .debug_ranges  0x000014e8       0xd0 Middlewares/Third_Party/FreeRTOS/Source/timers.o
 .debug_ranges  0x000015b8       0x70 Middlewares/Third_Party/FreeRTOS/Source/portable/GCC/ARM_CM4F/port.o
 .debug_ranges  0x00001628       0x40 Middlewares/Third_Party/FreeRTOS/Source/portable/MemMang/heap_4.o
 .debug_ranges  0x00001668       0x18 Src/freertos.o
 .debug_ranges  0x00001680       0x10 Src/gpio.o
 .debug_ranges  0x00001690       0x28 Src/main.o
 .debug_ranges  0x000016b8       0x20 Src/spi.o
 .debug_ranges  0x000016d8       0x10 Src/stm32l4xx_hal_msp.o
 .debug_ranges  0x000016e8       0x20 Src/stm32l4xx_hal_timebase_tim.o
 .debug_ranges  0x00001708       0x40 Src/stm32l4xx_it.o
 .debug_ranges  0x00001748       0x18 Src/system_stm32l4xx.o
 .debug_ranges  0x00001760       0x20 Src/usart.o
 .debug_ranges  0x00001780       0xf0 Src/w25qxx.o
 .debug_ranges  0x00001870       0x20 startup/startup_stm32l452xx.o

.debug_macro    0x00000000    0x25643
 .debug_macro   0x00000000      0x24c Drivers/STM32L4xx_HAL_Driver/Src/stm32l4xx_hal.o
 .debug_macro   0x0000024c      0xa60 Drivers/STM32L4xx_HAL_Driver/Src/stm32l4xx_hal.o
 .debug_macro   0x00000cac       0xc6 Drivers/STM32L4xx_HAL_Driver/Src/stm32l4xx_hal.o
 .debug_macro   0x00000d72       0x2e Drivers/STM32L4xx_HAL_Driver/Src/stm32l4xx_hal.o
 .debug_macro   0x00000da0       0x28 Drivers/STM32L4xx_HAL_Driver/Src/stm32l4xx_hal.o
 .debug_macro   0x00000dc8       0x22 Drivers/STM32L4xx_HAL_Driver/Src/stm32l4xx_hal.o
 .debug_macro   0x00000dea       0x8e Drivers/STM32L4xx_HAL_Driver/Src/stm32l4xx_hal.o
 .debug_macro   0x00000e78       0x51 Drivers/STM32L4xx_HAL_Driver/Src/stm32l4xx_hal.o
 .debug_macro   0x00000ec9       0xef Drivers/STM32L4xx_HAL_Driver/Src/stm32l4xx_hal.o
 .debug_macro   0x00000fb8       0x6a Drivers/STM32L4xx_HAL_Driver/Src/stm32l4xx_hal.o
 .debug_macro   0x00001022      0x1df Drivers/STM32L4xx_HAL_Driver/Src/stm32l4xx_hal.o
 .debug_macro   0x00001201       0x1c Drivers/STM32L4xx_HAL_Driver/Src/stm32l4xx_hal.o
 .debug_macro   0x0000121d       0x22 Drivers/STM32L4xx_HAL_Driver/Src/stm32l4xx_hal.o
 .debug_macro   0x0000123f       0xdf Drivers/STM32L4xx_HAL_Driver/Src/stm32l4xx_hal.o
 .debug_macro   0x0000131e     0x102d Drivers/STM32L4xx_HAL_Driver/Src/stm32l4xx_hal.o
 .debug_macro   0x0000234b      0x11f Drivers/STM32L4xx_HAL_Driver/Src/stm32l4xx_hal.o
 .debug_macro   0x0000246a    0x162f0 Drivers/STM32L4xx_HAL_Driver/Src/stm32l4xx_hal.o
 .debug_macro   0x0001875a       0x43 Drivers/STM32L4xx_HAL_Driver/Src/stm32l4xx_hal.o
 .debug_macro   0x0001879d     0x3820 Drivers/STM32L4xx_HAL_Driver/Src/stm32l4xx_hal.o
 .debug_macro   0x0001bfbd      0x174 Drivers/STM32L4xx_HAL_Driver/Src/stm32l4xx_hal.o
 .debug_macro   0x0001c131       0x4e Drivers/STM32L4xx_HAL_Driver/Src/stm32l4xx_hal.o
 .debug_macro   0x0001c17f     0x13bb Drivers/STM32L4xx_HAL_Driver/Src/stm32l4xx_hal.o
 .debug_macro   0x0001d53a      0x63f Drivers/STM32L4xx_HAL_Driver/Src/stm32l4xx_hal.o
 .debug_macro   0x0001db79      0x241 Drivers/STM32L4xx_HAL_Driver/Src/stm32l4xx_hal.o
 .debug_macro   0x0001ddba      0x13d Drivers/STM32L4xx_HAL_Driver/Src/stm32l4xx_hal.o
 .debug_macro   0x0001def7      0x168 Drivers/STM32L4xx_HAL_Driver/Src/stm32l4xx_hal.o
 .debug_macro   0x0001e05f      0x26b Drivers/STM32L4xx_HAL_Driver/Src/stm32l4xx_hal.o
 .debug_macro   0x0001e2ca      0x236 Drivers/STM32L4xx_HAL_Driver/Src/stm32l4xx_hal.o
 .debug_macro   0x0001e500      0x367 Drivers/STM32L4xx_HAL_Driver/Src/stm32l4xx_hal.o
 .debug_macro   0x0001e867       0xe4 Drivers/STM32L4xx_HAL_Driver/Src/stm32l4xx_hal.o
 .debug_macro   0x0001e94b      0x22c Drivers/STM32L4xx_HAL_Driver/Src/stm32l4xx_hal.o
 .debug_macro   0x0001eb77       0x5e Drivers/STM32L4xx_HAL_Driver/Src/stm32l4xx_hal.o
 .debug_macro   0x0001ebd5       0xa5 Drivers/STM32L4xx_HAL_Driver/Src/stm32l4xx_hal.o
 .debug_macro   0x0001ec7a      0x122 Drivers/STM32L4xx_HAL_Driver/Src/stm32l4xx_hal.o
 .debug_macro   0x0001ed9c      0x350 Drivers/STM32L4xx_HAL_Driver/Src/stm32l4xx_hal.o
 .debug_macro   0x0001f0ec      0x2fe Drivers/STM32L4xx_HAL_Driver/Src/stm32l4xx_hal.o
 .debug_macro   0x0001f3ea      0x9f7 Drivers/STM32L4xx_HAL_Driver/Src/stm32l4xx_hal.o
 .debug_macro   0x0001fde1      0x151 Drivers/STM32L4xx_HAL_Driver/Src/stm32l4xx_hal.o
 .debug_macro   0x0001ff32      0x57b Drivers/STM32L4xx_HAL_Driver/Src/stm32l4xx_hal.o
 .debug_macro   0x000204ad       0x44 Drivers/STM32L4xx_HAL_Driver/Src/stm32l4xx_hal.o
 .debug_macro   0x000204f1      0x304 Drivers/STM32L4xx_HAL_Driver/Src/stm32l4xx_hal.o
 .debug_macro   0x000207f5      0x1fe Drivers/STM32L4xx_HAL_Driver/Src/stm32l4xx_hal_cortex.o
 .debug_macro   0x000209f3      0x23d Drivers/STM32L4xx_HAL_Driver/Src/stm32l4xx_hal_gpio.o
 .debug_macro   0x00020c30      0x222 Drivers/STM32L4xx_HAL_Driver/Src/stm32l4xx_hal_pwr_ex.o
 .debug_macro   0x00020e52      0x240 Drivers/STM32L4xx_HAL_Driver/Src/stm32l4xx_hal_rcc.o
 .debug_macro   0x00021092      0x234 Drivers/STM32L4xx_HAL_Driver/Src/stm32l4xx_hal_rcc_ex.o
 .debug_macro   0x000212c6      0x206 Drivers/STM32L4xx_HAL_Driver/Src/stm32l4xx_hal_spi.o
 .debug_macro   0x000214cc      0x1ff Drivers/STM32L4xx_HAL_Driver/Src/stm32l4xx_hal_tim.o
 .debug_macro   0x000216cb      0x1fe Drivers/STM32L4xx_HAL_Driver/Src/stm32l4xx_hal_tim_ex.o
 .debug_macro   0x000218c9      0x229 Drivers/STM32L4xx_HAL_Driver/Src/stm32l4xx_hal_uart.o
 .debug_macro   0x00021af2      0x235 Middlewares/Third_Party/FreeRTOS/Source/CMSIS_RTOS_V2/cmsis_os2.o
 .debug_macro   0x00021d27       0x58 Middlewares/Third_Party/FreeRTOS/Source/CMSIS_RTOS_V2/cmsis_os2.o
 .debug_macro   0x00021d7f       0x18 Middlewares/Third_Party/FreeRTOS/Source/CMSIS_RTOS_V2/cmsis_os2.o
 .debug_macro   0x00021d97       0x94 Middlewares/Third_Party/FreeRTOS/Source/CMSIS_RTOS_V2/cmsis_os2.o
 .debug_macro   0x00021e2b       0x35 Middlewares/Third_Party/FreeRTOS/Source/CMSIS_RTOS_V2/cmsis_os2.o
 .debug_macro   0x00021e60       0x34 Middlewares/Third_Party/FreeRTOS/Source/CMSIS_RTOS_V2/cmsis_os2.o
 .debug_macro   0x00021e94       0x57 Middlewares/Third_Party/FreeRTOS/Source/CMSIS_RTOS_V2/cmsis_os2.o
 .debug_macro   0x00021eeb       0x58 Middlewares/Third_Party/FreeRTOS/Source/CMSIS_RTOS_V2/cmsis_os2.o
 .debug_macro   0x00021f43       0x1f Middlewares/Third_Party/FreeRTOS/Source/CMSIS_RTOS_V2/cmsis_os2.o
 .debug_macro   0x00021f62       0x43 Middlewares/Third_Party/FreeRTOS/Source/CMSIS_RTOS_V2/cmsis_os2.o
 .debug_macro   0x00021fa5       0x20 Middlewares/Third_Party/FreeRTOS/Source/CMSIS_RTOS_V2/cmsis_os2.o
 .debug_macro   0x00021fc5      0x18e Middlewares/Third_Party/FreeRTOS/Source/CMSIS_RTOS_V2/cmsis_os2.o
 .debug_macro   0x00022153      0x330 Middlewares/Third_Party/FreeRTOS/Source/CMSIS_RTOS_V2/cmsis_os2.o
 .debug_macro   0x00022483       0x10 Middlewares/Third_Party/FreeRTOS/Source/CMSIS_RTOS_V2/cmsis_os2.o
 .debug_macro   0x00022493       0x35 Middlewares/Third_Party/FreeRTOS/Source/CMSIS_RTOS_V2/cmsis_os2.o
 .debug_macro   0x000224c8       0x10 Middlewares/Third_Party/FreeRTOS/Source/CMSIS_RTOS_V2/cmsis_os2.o
 .debug_macro   0x000224d8       0x74 Middlewares/Third_Party/FreeRTOS/Source/CMSIS_RTOS_V2/cmsis_os2.o
 .debug_macro   0x0002254c       0xd3 Middlewares/Third_Party/FreeRTOS/Source/CMSIS_RTOS_V2/cmsis_os2.o
 .debug_macro   0x0002261f      0x122 Middlewares/Third_Party/FreeRTOS/Source/CMSIS_RTOS_V2/cmsis_os2.o
 .debug_macro   0x00022741      0x15a Middlewares/Third_Party/FreeRTOS/Source/CMSIS_RTOS_V2/cmsis_os2.o
 .debug_macro   0x0002289b       0xc2 Middlewares/Third_Party/FreeRTOS/Source/CMSIS_RTOS_V2/cmsis_os2.o
 .debug_macro   0x0002295d       0x10 Middlewares/Third_Party/FreeRTOS/Source/CMSIS_RTOS_V2/cmsis_os2.o
 .debug_macro   0x0002296d       0x1f Middlewares/Third_Party/FreeRTOS/Source/CMSIS_RTOS_V2/cmsis_os2.o
 .debug_macro   0x0002298c      0x47f Middlewares/Third_Party/FreeRTOS/Source/CMSIS_RTOS_V2/cmsis_os2.o
 .debug_macro   0x00022e0b       0xb5 Middlewares/Third_Party/FreeRTOS/Source/CMSIS_RTOS_V2/cmsis_os2.o
 .debug_macro   0x00022ec0       0x8c Middlewares/Third_Party/FreeRTOS/Source/CMSIS_RTOS_V2/cmsis_os2.o
 .debug_macro   0x00022f4c       0x91 Middlewares/Third_Party/FreeRTOS/Source/CMSIS_RTOS_V2/cmsis_os2.o
 .debug_macro   0x00022fdd       0x8d Middlewares/Third_Party/FreeRTOS/Source/CMSIS_RTOS_V2/cmsis_os2.o
 .debug_macro   0x0002306a       0x9a Middlewares/Third_Party/FreeRTOS/Source/CMSIS_RTOS_V2/cmsis_os2.o
 .debug_macro   0x00023104      0x17a Middlewares/Third_Party/FreeRTOS/Source/list.o
 .debug_macro   0x0002327e      0x200 Middlewares/Third_Party/FreeRTOS/Source/queue.o
 .debug_macro   0x0002347e       0x16 Middlewares/Third_Party/FreeRTOS/Source/queue.o
 .debug_macro   0x00023494      0x275 Middlewares/Third_Party/FreeRTOS/Source/tasks.o
 .debug_macro   0x00023709       0x10 Middlewares/Third_Party/FreeRTOS/Source/tasks.o
 .debug_macro   0x00023719      0x1bd Middlewares/Third_Party/FreeRTOS/Source/timers.o
 .debug_macro   0x000238d6      0x196 Middlewares/Third_Party/FreeRTOS/Source/portable/GCC/ARM_CM4F/port.o
 .debug_macro   0x00023a6c      0x1a1 Middlewares/Third_Party/FreeRTOS/Source/portable/MemMang/heap_4.o
 .debug_macro   0x00023c0d      0x2b8 Src/freertos.o
 .debug_macro   0x00023ec5       0xa0 Src/freertos.o
 .debug_macro   0x00023f65       0x5b Src/freertos.o
 .debug_macro   0x00023fc0       0xdd Src/freertos.o
 .debug_macro   0x0002409d       0x22 Src/freertos.o
 .debug_macro   0x000240bf      0x217 Src/gpio.o
 .debug_macro   0x000242d6      0x2b5 Src/main.o
 .debug_macro   0x0002458b      0x122 Src/main.o
 .debug_macro   0x000246ad      0x217 Src/spi.o
 .debug_macro   0x000248c4      0x20d Src/stm32l4xx_hal_msp.o
 .debug_macro   0x00024ad1      0x1fe Src/stm32l4xx_hal_timebase_tim.o
 .debug_macro   0x00024ccf      0x27f Src/stm32l4xx_it.o
 .debug_macro   0x00024f4e      0x204 Src/system_stm32l4xx.o
 .debug_macro   0x00025152      0x217 Src/usart.o
 .debug_macro   0x00025369      0x2b2 Src/w25qxx.o
 .debug_macro   0x0002561b       0x28 Src/w25qxx.o

.debug_line     0x00000000    0x12d0a
 .debug_line    0x00000000      0x993 Drivers/STM32L4xx_HAL_Driver/Src/stm32l4xx_hal.o
 .debug_line    0x00000993      0x940 Drivers/STM32L4xx_HAL_Driver/Src/stm32l4xx_hal_cortex.o
 .debug_line    0x000012d3      0x851 Drivers/STM32L4xx_HAL_Driver/Src/stm32l4xx_hal_gpio.o
 .debug_line    0x00001b24      0xaa1 Drivers/STM32L4xx_HAL_Driver/Src/stm32l4xx_hal_pwr_ex.o
 .debug_line    0x000025c5      0xa95 Drivers/STM32L4xx_HAL_Driver/Src/stm32l4xx_hal_rcc.o
 .debug_line    0x0000305a      0xcf6 Drivers/STM32L4xx_HAL_Driver/Src/stm32l4xx_hal_rcc_ex.o
 .debug_line    0x00003d50     0x122a Drivers/STM32L4xx_HAL_Driver/Src/stm32l4xx_hal_spi.o
 .debug_line    0x00004f7a     0x19d3 Drivers/STM32L4xx_HAL_Driver/Src/stm32l4xx_hal_tim.o
 .debug_line    0x0000694d      0xe1d Drivers/STM32L4xx_HAL_Driver/Src/stm32l4xx_hal_tim_ex.o
 .debug_line    0x0000776a     0x1270 Drivers/STM32L4xx_HAL_Driver/Src/stm32l4xx_hal_uart.o
 .debug_line    0x000089da     0x188b Middlewares/Third_Party/FreeRTOS/Source/CMSIS_RTOS_V2/cmsis_os2.o
 .debug_line    0x0000a265      0x539 Middlewares/Third_Party/FreeRTOS/Source/list.o
 .debug_line    0x0000a79e      0xd4d Middlewares/Third_Party/FreeRTOS/Source/queue.o
 .debug_line    0x0000b4eb     0x1146 Middlewares/Third_Party/FreeRTOS/Source/tasks.o
 .debug_line    0x0000c631      0x81c Middlewares/Third_Party/FreeRTOS/Source/timers.o
 .debug_line    0x0000ce4d      0x5f0 Middlewares/Third_Party/FreeRTOS/Source/portable/GCC/ARM_CM4F/port.o
 .debug_line    0x0000d43d      0x5ee Middlewares/Third_Party/FreeRTOS/Source/portable/MemMang/heap_4.o
 .debug_line    0x0000da2b      0x8e2 Src/freertos.o
 .debug_line    0x0000e30d      0x6fe Src/gpio.o
 .debug_line    0x0000ea0b      0x902 Src/main.o
 .debug_line    0x0000f30d      0x733 Src/spi.o
 .debug_line    0x0000fa40      0x6ec Src/stm32l4xx_hal_msp.o
 .debug_line    0x0001012c      0x719 Src/stm32l4xx_hal_timebase_tim.o
 .debug_line    0x00010845      0x88a Src/stm32l4xx_it.o
 .debug_line    0x000110cf      0x723 Src/system_stm32l4xx.o
 .debug_line    0x000117f2      0x72b Src/usart.o
 .debug_line    0x00011f1d      0xd6f Src/w25qxx.o
 .debug_line    0x00012c8c       0x7e startup/startup_stm32l452xx.o

.debug_str      0x00000000    0xe26c4
 .debug_str     0x00000000    0xd12ae Drivers/STM32L4xx_HAL_Driver/Src/stm32l4xx_hal.o
                              0xd16ea (size before relaxing)
 .debug_str     0x000d12ae      0x3a1 Drivers/STM32L4xx_HAL_Driver/Src/stm32l4xx_hal_cortex.o
                              0xd13cb (size before relaxing)
 .debug_str     0x000d164f      0x2bc Drivers/STM32L4xx_HAL_Driver/Src/stm32l4xx_hal_gpio.o
                              0xd0e9b (size before relaxing)
 .debug_str     0x000d190b      0x441 Drivers/STM32L4xx_HAL_Driver/Src/stm32l4xx_hal_pwr_ex.o
                              0xd10a4 (size before relaxing)
 .debug_str     0x000d1d4c      0x4c6 Drivers/STM32L4xx_HAL_Driver/Src/stm32l4xx_hal_rcc.o
                              0xd11de (size before relaxing)
 .debug_str     0x000d2212      0x732 Drivers/STM32L4xx_HAL_Driver/Src/stm32l4xx_hal_rcc_ex.o
                              0xd1508 (size before relaxing)
 .debug_str     0x000d2944      0x8fa Drivers/STM32L4xx_HAL_Driver/Src/stm32l4xx_hal_spi.o
                              0xd13e5 (size before relaxing)
 .debug_str     0x000d323e      0xf97 Drivers/STM32L4xx_HAL_Driver/Src/stm32l4xx_hal_tim.o
                              0xd1cfd (size before relaxing)
 .debug_str     0x000d41d5      0x5de Drivers/STM32L4xx_HAL_Driver/Src/stm32l4xx_hal_tim_ex.o
                              0xd161d (size before relaxing)
 .debug_str     0x000d47b3      0x960 Drivers/STM32L4xx_HAL_Driver/Src/stm32l4xx_hal_uart.o
                              0xd1823 (size before relaxing)
 .debug_str     0x000d5113     0x96ef Middlewares/Third_Party/FreeRTOS/Source/CMSIS_RTOS_V2/cmsis_os2.o
                               0xe061 (size before relaxing)
 .debug_str     0x000de802      0x225 Middlewares/Third_Party/FreeRTOS/Source/list.o
                               0xa015 (size before relaxing)
 .debug_str     0x000dea27      0x86c Middlewares/Third_Party/FreeRTOS/Source/queue.o
                               0xb9bf (size before relaxing)
 .debug_str     0x000df293     0x10af Middlewares/Third_Party/FreeRTOS/Source/tasks.o
                               0xc51f (size before relaxing)
 .debug_str     0x000e0342      0x515 Middlewares/Third_Party/FreeRTOS/Source/timers.o
                               0xbed5 (size before relaxing)
 .debug_str     0x000e0857      0x783 Middlewares/Third_Party/FreeRTOS/Source/portable/GCC/ARM_CM4F/port.o
                               0x812a (size before relaxing)
 .debug_str     0x000e0fda      0x23a Middlewares/Third_Party/FreeRTOS/Source/portable/MemMang/heap_4.o
                               0xa757 (size before relaxing)
 .debug_str     0x000e1214      0xd5f Src/freertos.o
                              0xd5a82 (size before relaxing)
 .debug_str     0x000e1f73       0x25 Src/gpio.o
                              0xd0e73 (size before relaxing)
 .debug_str     0x000e1f98       0x94 Src/main.o
                              0xd5097 (size before relaxing)
 .debug_str     0x000e202c       0x17 Src/spi.o
                              0xd1252 (size before relaxing)
 .debug_str     0x000e2043       0x1b Src/stm32l4xx_hal_msp.o
                              0xd120f (size before relaxing)
 .debug_str     0x000e205e       0x50 Src/stm32l4xx_hal_timebase_tim.o
                              0xd14f9 (size before relaxing)
 .debug_str     0x000e20ae       0xa6 Src/stm32l4xx_it.o
                              0xd49b4 (size before relaxing)
 .debug_str     0x000e2154       0x50 Src/system_stm32l4xx.o
                              0xd0c1c (size before relaxing)
 .debug_str     0x000e21a4       0x1a Src/usart.o
                              0xd1255 (size before relaxing)
 .debug_str     0x000e21be      0x4d7 Src/w25qxx.o
                              0xd4ddc (size before relaxing)
 .debug_str     0x000e2695       0x2f startup/startup_stm32l452xx.o
                                 0x4f (size before relaxing)

.comment        0x00000000       0x7f
 .comment       0x00000000       0x7f Drivers/STM32L4xx_HAL_Driver/Src/stm32l4xx_hal.o
                                 0x80 (size before relaxing)
 .comment       0x0000007f       0x80 Drivers/STM32L4xx_HAL_Driver/Src/stm32l4xx_hal_cortex.o
 .comment       0x0000007f       0x80 Drivers/STM32L4xx_HAL_Driver/Src/stm32l4xx_hal_gpio.o
 .comment       0x0000007f       0x80 Drivers/STM32L4xx_HAL_Driver/Src/stm32l4xx_hal_pwr_ex.o
 .comment       0x0000007f       0x80 Drivers/STM32L4xx_HAL_Driver/Src/stm32l4xx_hal_rcc.o
 .comment       0x0000007f       0x80 Drivers/STM32L4xx_HAL_Driver/Src/stm32l4xx_hal_rcc_ex.o
 .comment       0x0000007f       0x80 Drivers/STM32L4xx_HAL_Driver/Src/stm32l4xx_hal_spi.o
 .comment       0x0000007f       0x80 Drivers/STM32L4xx_HAL_Driver/Src/stm32l4xx_hal_tim.o
 .comment       0x0000007f       0x80 Drivers/STM32L4xx_HAL_Driver/Src/stm32l4xx_hal_tim_ex.o
 .comment       0x0000007f       0x80 Drivers/STM32L4xx_HAL_Driver/Src/stm32l4xx_hal_uart.o
 .comment       0x0000007f       0x80 Middlewares/Third_Party/FreeRTOS/Source/CMSIS_RTOS_V2/cmsis_os2.o
 .comment       0x0000007f       0x80 Middlewares/Third_Party/FreeRTOS/Source/list.o
 .comment       0x0000007f       0x80 Middlewares/Third_Party/FreeRTOS/Source/queue.o
 .comment       0x0000007f       0x80 Middlewares/Third_Party/FreeRTOS/Source/tasks.o
 .comment       0x0000007f       0x80 Middlewares/Third_Party/FreeRTOS/Source/timers.o
 .comment       0x0000007f       0x80 Middlewares/Third_Party/FreeRTOS/Source/portable/GCC/ARM_CM4F/port.o
 .comment       0x0000007f       0x80 Middlewares/Third_Party/FreeRTOS/Source/portable/MemMang/heap_4.o
 .comment       0x0000007f       0x80 Src/freertos.o
 .comment       0x0000007f       0x80 Src/gpio.o
 .comment       0x0000007f       0x80 Src/main.o
 .comment       0x0000007f       0x80 Src/spi.o
 .comment       0x0000007f       0x80 Src/stm32l4xx_hal_msp.o
 .comment       0x0000007f       0x80 Src/stm32l4xx_hal_timebase_tim.o
 .comment       0x0000007f       0x80 Src/stm32l4xx_it.o
 .comment       0x0000007f       0x80 Src/system_stm32l4xx.o
 .comment       0x0000007f       0x80 Src/usart.o
 .comment       0x0000007f       0x80 Src/w25qxx.o

.debug_frame    0x00000000     0x42a0
 .debug_frame   0x00000000      0x278 Drivers/STM32L4xx_HAL_Driver/Src/stm32l4xx_hal.o
 .debug_frame   0x00000278      0x15c Drivers/STM32L4xx_HAL_Driver/Src/stm32l4xx_hal_cortex.o
 .debug_frame   0x000003d4       0xd8 Drivers/STM32L4xx_HAL_Driver/Src/stm32l4xx_hal_gpio.o
 .debug_frame   0x000004ac      0x228 Drivers/STM32L4xx_HAL_Driver/Src/stm32l4xx_hal_pwr_ex.o
 .debug_frame   0x000006d4      0x18c Drivers/STM32L4xx_HAL_Driver/Src/stm32l4xx_hal_rcc.o
 .debug_frame   0x00000860      0x248 Drivers/STM32L4xx_HAL_Driver/Src/stm32l4xx_hal_rcc_ex.o
 .debug_frame   0x00000aa8      0x5b8 Drivers/STM32L4xx_HAL_Driver/Src/stm32l4xx_hal_spi.o
 .debug_frame   0x00001060      0xabc Drivers/STM32L4xx_HAL_Driver/Src/stm32l4xx_hal_tim.o
 .debug_frame   0x00001b1c      0x42c Drivers/STM32L4xx_HAL_Driver/Src/stm32l4xx_hal_tim_ex.o
 .debug_frame   0x00001f48      0x57c Drivers/STM32L4xx_HAL_Driver/Src/stm32l4xx_hal_uart.o
 .debug_frame   0x000024c4      0x7a0 Middlewares/Third_Party/FreeRTOS/Source/CMSIS_RTOS_V2/cmsis_os2.o
 .debug_frame   0x00002c64       0x6c Middlewares/Third_Party/FreeRTOS/Source/list.o
 .debug_frame   0x00002cd0      0x434 Middlewares/Third_Party/FreeRTOS/Source/queue.o
 .debug_frame   0x00003104      0x644 Middlewares/Third_Party/FreeRTOS/Source/tasks.o
 .debug_frame   0x00003748      0x2c8 Middlewares/Third_Party/FreeRTOS/Source/timers.o
 .debug_frame   0x00003a10      0x100 Middlewares/Third_Party/FreeRTOS/Source/portable/GCC/ARM_CM4F/port.o
 .debug_frame   0x00003b10       0xac Middlewares/Third_Party/FreeRTOS/Source/portable/MemMang/heap_4.o
 .debug_frame   0x00003bbc       0x44 Src/freertos.o
 .debug_frame   0x00003c00       0x34 Src/gpio.o
 .debug_frame   0x00003c34       0x70 Src/main.o
 .debug_frame   0x00003ca4       0x64 Src/spi.o
 .debug_frame   0x00003d08       0x2c Src/stm32l4xx_hal_msp.o
 .debug_frame   0x00003d34       0x50 Src/stm32l4xx_hal_timebase_tim.o
 .debug_frame   0x00003d84       0x88 Src/stm32l4xx_it.o
 .debug_frame   0x00003e0c       0x30 Src/system_stm32l4xx.o
 .debug_frame   0x00003e3c       0x60 Src/usart.o
 .debug_frame   0x00003e9c      0x330 Src/w25qxx.o
 .debug_frame   0x000041cc       0x2c c:/ac6/systemworkbench/plugins/fr.ac6.mcu.externaltools.arm-none.win32_1.17.0.201812190825/tools/compiler/bin/../lib/gcc/arm-none-eabi/7.3.1/thumb/v7e-m/fpv4-sp/hard\libgcc.a(_aeabi_uldivmod.o)
 .debug_frame   0x000041f8       0x34 c:/ac6/systemworkbench/plugins/fr.ac6.mcu.externaltools.arm-none.win32_1.17.0.201812190825/tools/compiler/bin/../lib/gcc/arm-none-eabi/7.3.1/thumb/v7e-m/fpv4-sp/hard\libgcc.a(_udivmoddi4.o)
 .debug_frame   0x0000422c       0x2c c:/ac6/systemworkbench/plugins/fr.ac6.mcu.externaltools.arm-none.win32_1.17.0.201812190825/tools/compiler/bin/../lib/gcc/arm-none-eabi/7.3.1/../../../../arm-none-eabi/lib/thumb/v7e-m/fpv4-sp/hard\libc_nano.a(lib_a-init.o)
 .debug_frame   0x00004258       0x28 c:/ac6/systemworkbench/plugins/fr.ac6.mcu.externaltools.arm-none.win32_1.17.0.201812190825/tools/compiler/bin/../lib/gcc/arm-none-eabi/7.3.1/../../../../arm-none-eabi/lib/thumb/v7e-m/fpv4-sp/hard\libc_nano.a(lib_a-memcpy-stub.o)
 .debug_frame   0x00004280       0x20 c:/ac6/systemworkbench/plugins/fr.ac6.mcu.externaltools.arm-none.win32_1.17.0.201812190825/tools/compiler/bin/../lib/gcc/arm-none-eabi/7.3.1/../../../../arm-none-eabi/lib/thumb/v7e-m/fpv4-sp/hard\libc_nano.a(lib_a-memset.o)
